2026-10-05 15:40:49 | INFO | bdc.alertas | Iniciando geração da Fato Alerta de Crédito (Arquitetura Medalhão Estrita)...
2026-10-05 15:40:52 | DEBUG | bdc.alertas | Tolerância Carga Manual: skip conversão para CNPJ 00001180000126, campo RATING_AUDITORIA: could not convert string to float: 'A'
2026-10-05 15:40:52 | DEBUG | bdc.alertas | Tolerância Carga Manual: skip conversão para CNPJ 00001180000207, campo RATING_AUDITORIA: could not convert string to float: 'A'
2026-10-05 15:40:52 | DEBUG | bdc.alertas | Tolerância Carga Manual: skip conversão para CNPJ 00350763000162, campo RATING_AUDITORIA: could not convert string to float: 'E'
2026-10-05 15:40:52 | DEBUG | bdc.alertas | Tolerância Carga Manual: skip conversão para CNPJ 00001180000126, campo AUDITOR: could not convert string to float: 'PwC'
2026-10-05 15:40:52 | DEBUG | bdc.alertas | Tolerância Carga Manual: skip conversão para CNPJ 00001180000126, campo NOTA_BOARD: could not convert string to float: 'A'
2026-10-05 15:40:52 | DEBUG | bdc.alertas | Tolerância Carga Manual: skip conversão para CNPJ 00001180000126, campo NOTA_BUREAU: could not convert string to float: 'A'
2026-10-05 15:40:52 | DEBUG | bdc.alertas | Tolerância Carga Manual: skip conversão para CNPJ 04755710000182, campo NOTA_CREDITO: could not convert string to float: 'C'
2026-10-05 15:40:52 | DEBUG | bdc.alertas | Tolerância Carga Manual: skip conversão para CNPJ 05350372000161, campo NOTA_CREDITO: could not convert string to float: 'E'
2026-10-05 15:40:52 | DEBUG | bdc.alertas | Tolerância Carga Manual: skip conversão para CNPJ 05352237000155, campo NOTA_CREDITO: could not convert string to float: 'C'
2026-10-05 15:40:52 | DEBUG | bdc.alertas | Tolerância Carga Manual: skip conversão para CNPJ 07794616000120, campo NOTA_CREDITO: could not convert string to float: 'E'
2026-10-05 15:40:52 | DEBUG | bdc.alertas | Tolerância Carga Manual: skip conversão para CNPJ 07823304000106, campo NOTA_CREDITO: could not convert string to float: 'D'
2026-10-05 15:40:52 | DEBUG | bdc.alertas | Tolerância Carga Manual: skip conversão para CNPJ 08323274000123, campo NOTA_CREDITO: could not convert string to float: 'E'
2026-10-05 15:40:52 | DEBUG | bdc.alertas | Tolerância Carga Manual: skip conversão para CNPJ 08336804000178, campo NOTA_CREDITO: could not convert string to float: 'A'
2026-10-05 15:40:52 | DEBUG | bdc.alertas | Tolerância Carga Manual: skip conversão para CNPJ 10671322000116, campo NOTA_CREDITO: could not convert string to float: 'D'
2026-10-05 15:40:52 | DEBUG | bdc.alertas | Tolerância Carga Manual: skip conversão para CNPJ 11322550000143, campo NOTA_CREDITO: could not convert string to float: 'C'
2026-10-05 15:40:52 | DEBUG | bdc.alertas | Tolerância Carga Manual: skip conversão para CNPJ 11599292000147, campo NOTA_CREDITO: could not convert string to float: 'D'
2026-10-05 15:40:52 | DEBUG | bdc.alertas | Tolerância Carga Manual: skip conversão para CNPJ 12150746000160, campo NOTA_CREDITO: could not convert string to float: 'C'
2026-10-05 15:40:52 | DEBUG | bdc.alertas | Tolerância Carga Manual: skip conversão para CNPJ 14167541000113, campo NOTA_CREDITO: could not convert string to float: 'E'
2026-10-05 15:40:52 | DEBUG | bdc.alertas | Tolerância Carga Manual: skip conversão para CNPJ 14555633000170, campo NOTA_CREDITO: could not convert string to float: 'D'
2026-10-05 15:40:52 | DEBUG | bdc.alertas | Tolerância Carga Manual: skip conversão para CNPJ 15623286000139, campo NOTA_CREDITO: could not convert string to float: 'E'
2026-10-05 15:40:52 | DEBUG | bdc.alertas | Tolerância Carga Manual: skip conversão para CNPJ 15667402000111, campo NOTA_CREDITO: could not convert string to float: 'C'
2026-10-05 15:40:52 | DEBUG | bdc.alertas | Tolerância Carga Manual: skip conversão para CNPJ 17204923000168, campo NOTA_CREDITO: could not convert string to float: 'E'
2026-10-05 15:40:52 | DEBUG | bdc.alertas | Tolerância Carga Manual: skip conversão para CNPJ 18185035000108, campo NOTA_CREDITO: could not convert string to float: 'B'
2026-10-05 15:40:52 | DEBUG | bdc.alertas | Tolerância Carga Manual: skip conversão para CNPJ 18416364000112, campo NOTA_CREDITO: could not convert string to float: 'C'
2026-10-05 15:40:52 | DEBUG | bdc.alertas | Tolerância Carga Manual: skip conversão para CNPJ 19502690000105, campo NOTA_CREDITO: could not convert string to float: 'C'
2026-10-05 15:40:52 | DEBUG | bdc.alertas | Tolerância Carga Manual: skip conversão para CNPJ 20557422000170, campo NOTA_CREDITO: could not convert string to float: 'C'
2026-10-05 15:40:52 | DEBUG | bdc.alertas | Tolerância Carga Manual: skip conversão para CNPJ 20591154000102, campo NOTA_CREDITO: could not convert string to float: 'E'
2026-10-05 15:40:52 | DEBUG | bdc.alertas | Tolerância Carga Manual: skip conversão para CNPJ 22109465000118, campo NOTA_CREDITO: could not convert string to float: 'B'
2026-10-05 15:40:52 | DEBUG | bdc.alertas | Tolerância Carga Manual: skip conversão para CNPJ 23412242000198, campo NOTA_CREDITO: could not convert string to float: 'E'
2026-10-05 15:40:52 | DEBUG | bdc.alertas | Tolerância Carga Manual: skip conversão para CNPJ 24011952000179, campo NOTA_CREDITO: could not convert string to float: 'E'
2026-10-05 15:40:52 | DEBUG | bdc.alertas | Tolerância Carga Manual: skip conversão para CNPJ 24550050000100, campo NOTA_CREDITO: could not convert string to float: 'E'
2026-10-05 15:40:52 | DEBUG | bdc.alertas | Tolerância Carga Manual: skip conversão para CNPJ 26215280000149, campo NOTA_CREDITO: could not convert string to float: 'E'
2026-10-05 15:40:52 | DEBUG | bdc.alertas | Tolerância Carga Manual: skip conversão para CNPJ 26986376000100, campo NOTA_CREDITO: could not convert string to float: 'E'
2026-10-05 15:40:52 | DEBUG | bdc.alertas | Tolerância Carga Manual: skip conversão para CNPJ 27796415000170, campo NOTA_CREDITO: could not convert string to float: 'C'
2026-10-05 15:40:52 | DEBUG | bdc.alertas | Tolerância Carga Manual: skip conversão para CNPJ 29340729000199, campo NOTA_CREDITO: could not convert string to float: 'E'
2026-10-05 15:40:52 | DEBUG | bdc.alertas | Tolerância Carga Manual: skip conversão para CNPJ 31512081000132, campo NOTA_CREDITO: could not convert string to float: 'B'
2026-10-05 15:40:52 | DEBUG | bdc.alertas | Tolerância Carga Manual: skip conversão para CNPJ 32618447000115, campo NOTA_CREDITO: could not convert string to float: 'D'
2026-10-05 15:40:52 | DEBUG | bdc.alertas | Tolerância Carga Manual: skip conversão para CNPJ 35224835000100, campo NOTA_CREDITO: could not convert string to float: 'E'
2026-10-05 15:40:52 | DEBUG | bdc.alertas | Tolerância Carga Manual: skip conversão para CNPJ 35881121000174, campo NOTA_CREDITO: could not convert string to float: 'B'
2026-10-05 15:40:52 | DEBUG | bdc.alertas | Tolerância Carga Manual: skip conversão para CNPJ 41675130000101, campo NOTA_CREDITO: could not convert string to float: 'A'
2026-10-05 15:40:52 | DEBUG | bdc.alertas | Tolerância Carga Manual: skip conversão para CNPJ 42102025000146, campo NOTA_CREDITO: could not convert string to float: 'E'
2026-10-05 15:40:52 | DEBUG | bdc.alertas | Tolerância Carga Manual: skip conversão para CNPJ 42311687000126, campo NOTA_CREDITO: could not convert string to float: 'E'
2026-10-05 15:40:52 | DEBUG | bdc.alertas | Tolerância Carga Manual: skip conversão para CNPJ 43308969000137, campo NOTA_CREDITO: could not convert string to float: 'B'
2026-10-05 15:40:52 | DEBUG | bdc.alertas | Tolerância Carga Manual: skip conversão para CNPJ 43344428000164, campo NOTA_CREDITO: could not convert string to float: 'E'
2026-10-05 15:40:52 | DEBUG | bdc.alertas | Tolerância Carga Manual: skip conversão para CNPJ 48591179000125, campo NOTA_CREDITO: could not convert string to float: 'E'
2026-10-05 15:40:52 | DEBUG | bdc.alertas | Tolerância Carga Manual: skip conversão para CNPJ 50729198000117, campo NOTA_CREDITO: could not convert string to float: 'E'
2026-10-05 15:40:52 | DEBUG | bdc.alertas | Tolerância Carga Manual: skip conversão para CNPJ 54252354000152, campo NOTA_CREDITO: could not convert string to float: 'E'
2026-10-05 15:40:52 | DEBUG | bdc.alertas | Tolerância Carga Manual: skip conversão para CNPJ 55935046000194, campo NOTA_CREDITO: could not convert string to float: 'E'
2026-10-05 15:40:52 | DEBUG | bdc.alertas | Tolerância Carga Manual: skip conversão para CNPJ 04755710000182, campo CONTROLADOR: could not convert string to float: ''
2026-10-05 15:40:52 | DEBUG | bdc.alertas | Tolerância Carga Manual: skip conversão para CNPJ 05350372000161, campo CONTROLADOR: could not convert string to float: ''
2026-10-05 15:40:52 | DEBUG | bdc.alertas | Tolerância Carga Manual: skip conversão para CNPJ 05352237000155, campo CONTROLADOR: could not convert string to float: ''
2026-10-05 15:40:52 | DEBUG | bdc.alertas | Tolerância Carga Manual: skip conversão para CNPJ 07794616000120, campo CONTROLADOR: could not convert string to float: ''
2026-10-05 15:40:52 | DEBUG | bdc.alertas | Tolerância Carga Manual: skip conversão para CNPJ 07823304000106, campo CONTROLADOR: could not convert string to float: ''
2026-10-05 15:40:52 | DEBUG | bdc.alertas | Tolerância Carga Manual: skip conversão para CNPJ 08323274000123, campo CONTROLADOR: could not convert string to float: ''
2026-10-05 15:40:52 | DEBUG | bdc.alertas | Tolerância Carga Manual: skip conversão para CNPJ 08336804000178, campo CONTROLADOR: could not convert string to float: ''
2026-10-05 15:40:52 | DEBUG | bdc.alertas | Tolerância Carga Manual: skip conversão para CNPJ 10671322000116, campo CONTROLADOR: could not convert string to float: ''
2026-10-05 15:40:52 | DEBUG | bdc.alertas | Tolerância Carga Manual: skip conversão para CNPJ 11322550000143, campo CONTROLADOR: could not convert string to float: ''
2026-10-05 15:40:52 | DEBUG | bdc.alertas | Tolerância Carga Manual: skip conversão para CNPJ 11599292000147, campo CONTROLADOR: could not convert string to float: ''
2026-10-05 15:40:52 | DEBUG | bdc.alertas | Tolerância Carga Manual: skip conversão para CNPJ 12150746000160, campo CONTROLADOR: could not convert string to float: ''
2026-10-05 15:40:52 | DEBUG | bdc.alertas | Tolerância Carga Manual: skip conversão para CNPJ 14167541000113, campo CONTROLADOR: could not convert string to float: ''
2026-10-05 15:40:52 | DEBUG | bdc.alertas | Tolerância Carga Manual: skip conversão para CNPJ 14555633000170, campo CONTROLADOR: could not convert string to float: ''
2026-10-05 15:40:52 | DEBUG | bdc.alertas | Tolerância Carga Manual: skip conversão para CNPJ 15623286000139, campo CONTROLADOR: could not convert string to float: ''
2026-10-05 15:40:52 | DEBUG | bdc.alertas | Tolerância Carga Manual: skip conversão para CNPJ 15667402000111, campo CONTROLADOR: could not convert string to float: ''
2026-10-05 15:40:52 | DEBUG | bdc.alertas | Tolerância Carga Manual: skip conversão para CNPJ 17204923000168, campo CONTROLADOR: could not convert string to float: ''
2026-10-05 15:40:52 | DEBUG | bdc.alertas | Tolerância Carga Manual: skip conversão para CNPJ 18185035000108, campo CONTROLADOR: could not convert string to float: ''
2026-10-05 15:40:52 | DEBUG | bdc.alertas | Tolerância Carga Manual: skip conversão para CNPJ 18416364000112, campo CONTROLADOR: could not convert string to float: ''
2026-10-05 15:40:52 | DEBUG | bdc.alertas | Tolerância Carga Manual: skip conversão para CNPJ 19502690000105, campo CONTROLADOR: could not convert string to float: ''
2026-10-05 15:40:52 | DEBUG | bdc.alertas | Tolerância Carga Manual: skip conversão para CNPJ 20557422000170, campo CONTROLADOR: could not convert string to float: ''
2026-10-05 15:40:52 | DEBUG | bdc.alertas | Tolerância Carga Manual: skip conversão para CNPJ 20591154000102, campo CONTROLADOR: could not convert string to float: ''
2026-10-05 15:40:52 | DEBUG | bdc.alertas | Tolerância Carga Manual: skip conversão para CNPJ 22109465000118, campo CONTROLADOR: could not convert string to float: ''
2026-10-05 15:40:52 | DEBUG | bdc.alertas | Tolerância Carga Manual: skip conversão para CNPJ 23412242000198, campo CONTROLADOR: could not convert string to float: ''
2026-10-05 15:40:52 | DEBUG | bdc.alertas | Tolerância Carga Manual: skip conversão para CNPJ 24011952000179, campo CONTROLADOR: could not convert string to float: ''
2026-10-05 15:40:52 | DEBUG | bdc.alertas | Tolerância Carga Manual: skip conversão para CNPJ 24550050000100, campo CONTROLADOR: could not convert string to float: ''
2026-10-05 15:40:52 | DEBUG | bdc.alertas | Tolerância Carga Manual: skip conversão para CNPJ 26215280000149, campo CONTROLADOR: could not convert string to float: ''
2026-10-05 15:40:52 | DEBUG | bdc.alertas | Tolerância Carga Manual: skip conversão para CNPJ 26986376000100, campo CONTROLADOR: could not convert string to float: ''
2026-10-05 15:40:52 | DEBUG | bdc.alertas | Tolerância Carga Manual: skip conversão para CNPJ 27796415000170, campo CONTROLADOR: could not convert string to float: ''
2026-10-05 15:40:52 | DEBUG | bdc.alertas | Tolerância Carga Manual: skip conversão para CNPJ 29340729000199, campo CONTROLADOR: could not convert string to float: ''
2026-10-05 15:40:52 | DEBUG | bdc.alertas | Tolerância Carga Manual: skip conversão para CNPJ 31512081000132, campo CONTROLADOR: could not convert string to float: ''
2026-10-05 15:40:52 | DEBUG | bdc.alertas | Tolerância Carga Manual: skip conversão para CNPJ 32618447000115, campo CONTROLADOR: could not convert string to float: ''
2026-10-05 15:40:52 | DEBUG | bdc.alertas | Tolerância Carga Manual: skip conversão para CNPJ 35224835000100, campo CONTROLADOR: could not convert string to float: ''
2026-10-05 15:40:52 | DEBUG | bdc.alertas | Tolerância Carga Manual: skip conversão para CNPJ 35881121000174, campo CONTROLADOR: could not convert string to float: ''
2026-10-05 15:40:52 | DEBUG | bdc.alertas | Tolerância Carga Manual: skip conversão para CNPJ 41675130000101, campo CONTROLADOR: could not convert string to float: ''
2026-10-05 15:40:52 | DEBUG | bdc.alertas | Tolerância Carga Manual: skip conversão para CNPJ 42102025000146, campo CONTROLADOR: could not convert string to float: ''
2026-10-05 15:40:52 | DEBUG | bdc.alertas | Tolerância Carga Manual: skip conversão para CNPJ 42311687000126, campo CONTROLADOR: could not convert string to float: ''
2026-10-05 15:40:52 | DEBUG | bdc.alertas | Tolerância Carga Manual: skip conversão para CNPJ 43308969000137, campo CONTROLADOR: could not convert string to float: ''
2026-10-05 15:40:52 | DEBUG | bdc.alertas | Tolerância Carga Manual: skip conversão para CNPJ 43344428000164, campo CONTROLADOR: could not convert string to float: ''
2026-10-05 15:40:52 | DEBUG | bdc.alertas | Tolerância Carga Manual: skip conversão para CNPJ 48591179000125, campo CONTROLADOR: could not convert string to float: ''
2026-10-05 15:40:52 | DEBUG | bdc.alertas | Tolerância Carga Manual: skip conversão para CNPJ 50729198000117, campo CONTROLADOR: could not convert string to float: ''
2026-10-05 15:40:52 | DEBUG | bdc.alertas | Tolerância Carga Manual: skip conversão para CNPJ 54252354000152, campo CONTROLADOR: could not convert string to float: ''
2026-10-05 15:40:52 | DEBUG | bdc.alertas | Tolerância Carga Manual: skip conversão para CNPJ 55935046000194, campo CONTROLADOR: could not convert string to float: ''
2026-10-05 15:40:52 | DEBUG | bdc.alertas | Tolerância Carga Manual: skip conversão para CNPJ 00767144000178, campo EMPRESA: could not convert string to float: 'AHLSTROM BRASIL INDUSTRIA E COMERCIO DE PAPEIS ESPECIAIS LTDA.'
2026-10-05 15:40:52 | DEBUG | bdc.alertas | Tolerância Carga Manual: skip conversão para CNPJ 00767144000178, campo NOTA_CREDITO: could not convert string to float: 'E'
2026-10-05 15:40:52 | DEBUG | bdc.alertas | Tolerância Carga Manual: skip conversão para CNPJ 00831373000104, campo NOTA_CREDITO: could not convert string to float: 'E'
2026-10-05 15:40:52 | DEBUG | bdc.alertas | Tolerância Carga Manual: skip conversão para CNPJ 01599436000101, campo NOTA_CREDITO: could not convert string to float: 'A'
2026-10-05 15:40:52 | DEBUG | bdc.alertas | Tolerância Carga Manual: skip conversão para CNPJ 01637895000132, campo NOTA_CREDITO: could not convert string to float: 'A'
2026-10-05 15:40:52 | DEBUG | bdc.alertas | Tolerância Carga Manual: skip conversão para CNPJ 01832301000144, campo NOTA_CREDITO: could not convert string to float: 'E'
2026-10-05 15:40:52 | DEBUG | bdc.alertas | Tolerância Carga Manual: skip conversão para CNPJ 01838723000127, campo NOTA_CREDITO: could not convert string to float: 'A'
2026-10-05 15:40:52 | DEBUG | bdc.alertas | Tolerância Carga Manual: skip conversão para CNPJ 02341494000101, campo NOTA_CREDITO: could not convert string to float: 'A'
2026-10-05 15:40:52 | DEBUG | bdc.alertas | Tolerância Carga Manual: skip conversão para CNPJ 02709449000159, campo NOTA_CREDITO: could not convert string to float: 'A'
2026-10-05 15:40:52 | DEBUG | bdc.alertas | Tolerância Carga Manual: skip conversão para CNPJ 02846056000197, campo NOTA_CREDITO: could not convert string to float: 'A'
2026-10-05 15:40:52 | DEBUG | bdc.alertas | Tolerância Carga Manual: skip conversão para CNPJ 03342704000130, campo NOTA_CREDITO: could not convert string to float: 'A'
2026-10-05 15:40:52 | DEBUG | bdc.alertas | Tolerância Carga Manual: skip conversão para CNPJ 04027894000164, campo NOTA_CREDITO: could not convert string to float: 'D'
2026-10-05 15:40:52 | DEBUG | bdc.alertas | Tolerância Carga Manual: skip conversão para CNPJ 04630268000168, campo NOTA_CREDITO: could not convert string to float: 'A'
2026-10-05 15:40:52 | DEBUG | bdc.alertas | Tolerância Carga Manual: skip conversão para CNPJ 04865228000103, campo NOTA_CREDITO: could not convert string to float: 'E'
2026-10-05 15:40:52 | DEBUG | bdc.alertas | Tolerância Carga Manual: skip conversão para CNPJ 04932216000146, campo NOTA_CREDITO: could not convert string to float: 'E'
2026-10-05 15:40:52 | DEBUG | bdc.alertas | Tolerância Carga Manual: skip conversão para CNPJ 05053020000144, campo NOTA_CREDITO: could not convert string to float: 'C'
2026-10-05 15:40:52 | DEBUG | bdc.alertas | Tolerância Carga Manual: skip conversão para CNPJ 05251919000171, campo NOTA_CREDITO: could not convert string to float: 'A'
2026-10-05 15:40:52 | DEBUG | bdc.alertas | Tolerância Carga Manual: skip conversão para CNPJ 05297665000122, campo NOTA_CREDITO: could not convert string to float: 'B'
2026-10-05 15:40:52 | DEBUG | bdc.alertas | Tolerância Carga Manual: skip conversão para CNPJ 05848387000154, campo NOTA_CREDITO: could not convert string to float: 'D'
2026-10-05 15:40:52 | DEBUG | bdc.alertas | Tolerância Carga Manual: skip conversão para CNPJ 06057223000171, campo NOTA_CREDITO: could not convert string to float: 'B'
2026-10-05 15:40:52 | DEBUG | bdc.alertas | Tolerância Carga Manual: skip conversão para CNPJ 06268099000193, campo NOTA_CREDITO: could not convert string to float: 'B'
2026-10-05 15:40:52 | DEBUG | bdc.alertas | Tolerância Carga Manual: skip conversão para CNPJ 06315338000119, campo NOTA_CREDITO: could not convert string to float: 'E'
2026-10-05 15:40:52 | DEBUG | bdc.alertas | Tolerância Carga Manual: skip conversão para CNPJ 07005330000119, campo NOTA_CREDITO: could not convert string to float: 'E'
2026-10-05 15:40:52 | DEBUG | bdc.alertas | Tolerância Carga Manual: skip conversão para CNPJ 07037123000146, campo NOTA_CREDITO: could not convert string to float: 'A'
2026-10-05 15:40:52 | DEBUG | bdc.alertas | Tolerância Carga Manual: skip conversão para CNPJ 07175725000160, campo NOTA_CREDITO: could not convert string to float: 'A'
2026-10-05 15:40:52 | DEBUG | bdc.alertas | Tolerância Carga Manual: skip conversão para CNPJ 07358761005632, campo NOTA_CREDITO: could not convert string to float: 'A'
2026-10-05 15:40:52 | DEBUG | bdc.alertas | Tolerância Carga Manual: skip conversão para CNPJ 07450031000193, campo NOTA_CREDITO: could not convert string to float: 'B'
2026-10-05 15:40:52 | DEBUG | bdc.alertas | Tolerância Carga Manual: skip conversão para CNPJ 07632665000167, campo NOTA_CREDITO: could not convert string to float: 'B'
2026-10-05 15:40:52 | DEBUG | bdc.alertas | Tolerância Carga Manual: skip conversão para CNPJ 07682638000107, campo NOTA_CREDITO: could not convert string to float: 'B'
2026-10-05 15:40:52 | DEBUG | bdc.alertas | Tolerância Carga Manual: skip conversão para CNPJ 07689002000189, campo NOTA_CREDITO: could not convert string to float: 'A'
2026-10-05 15:40:52 | DEBUG | bdc.alertas | Tolerância Carga Manual: skip conversão para CNPJ 07718633000189, campo NOTA_CREDITO: could not convert string to float: 'A'
2026-10-05 15:40:52 | DEBUG | bdc.alertas | Tolerância Carga Manual: skip conversão para CNPJ 07903169000109, campo NOTA_CREDITO: could not convert string to float: 'D'
2026-10-05 15:40:52 | DEBUG | bdc.alertas | Tolerância Carga Manual: skip conversão para CNPJ 07933914000154, campo NOTA_CREDITO: could not convert string to float: 'D'
2026-10-05 15:40:52 | DEBUG | bdc.alertas | Tolerância Carga Manual: skip conversão para CNPJ 08090788000267, campo NOTA_CREDITO: could not convert string to float: 'A'
2026-10-05 15:40:52 | DEBUG | bdc.alertas | Tolerância Carga Manual: skip conversão para CNPJ 08405256000190, campo NOTA_CREDITO: could not convert string to float: 'E'
2026-10-05 15:40:52 | DEBUG | bdc.alertas | Tolerância Carga Manual: skip conversão para CNPJ 08827501000158, campo NOTA_CREDITO: could not convert string to float: 'A'
2026-10-05 15:40:52 | DEBUG | bdc.alertas | Tolerância Carga Manual: skip conversão para CNPJ 08906558000142, campo NOTA_CREDITO: could not convert string to float: 'A'
2026-10-05 15:40:52 | DEBUG | bdc.alertas | Tolerância Carga Manual: skip conversão para CNPJ 09053134000145, campo NOTA_CREDITO: could not convert string to float: 'E'
2026-10-05 15:40:52 | DEBUG | bdc.alertas | Tolerância Carga Manual: skip conversão para CNPJ 12056613000120, campo NOTA_CREDITO: could not convert string to float: 'A'
2026-10-05 15:40:52 | DEBUG | bdc.alertas | Tolerância Carga Manual: skip conversão para CNPJ 12091809000155, campo NOTA_CREDITO: could not convert string to float: 'B'
2026-10-05 15:40:52 | DEBUG | bdc.alertas | Tolerância Carga Manual: skip conversão para CNPJ 12094570000177, campo NOTA_CREDITO: could not convert string to float: 'A'
2026-10-05 15:40:52 | DEBUG | bdc.alertas | Tolerância Carga Manual: skip conversão para CNPJ 12884632000144, campo NOTA_CREDITO: could not convert string to float: 'B'
2026-10-05 15:40:52 | DEBUG | bdc.alertas | Tolerância Carga Manual: skip conversão para CNPJ 12919786000124, campo NOTA_CREDITO: could not convert string to float: 'C'
2026-10-05 15:40:52 | DEBUG | bdc.alertas | Tolerância Carga Manual: skip conversão para CNPJ 13416922000126, campo NOTA_CREDITO: could not convert string to float: 'D'
2026-10-05 15:40:52 | DEBUG | bdc.alertas | Tolerância Carga Manual: skip conversão para CNPJ 13504675000110, campo NOTA_CREDITO: could not convert string to float: 'A'
2026-10-05 15:40:52 | DEBUG | bdc.alertas | Tolerância Carga Manual: skip conversão para CNPJ 13743550000142, campo NOTA_CREDITO: could not convert string to float: 'D'
2026-10-05 15:40:52 | DEBUG | bdc.alertas | Tolerância Carga Manual: skip conversão para CNPJ 13788120000147, campo NOTA_CREDITO: could not convert string to float: 'E'
2026-10-05 15:40:52 | DEBUG | bdc.alertas | Tolerância Carga Manual: skip conversão para CNPJ 15141799000103, campo NOTA_CREDITO: could not convert string to float: 'B'
2026-10-05 15:40:52 | DEBUG | bdc.alertas | Tolerância Carga Manual: skip conversão para CNPJ 16404287000155, campo NOTA_CREDITO: could not convert string to float: 'A'
2026-10-05 15:40:52 | DEBUG | bdc.alertas | Tolerância Carga Manual: skip conversão para CNPJ 16628281000161, campo NOTA_CREDITO: could not convert string to float: 'E'
2026-10-05 15:40:52 | DEBUG | bdc.alertas | Tolerância Carga Manual: skip conversão para CNPJ 17469701000177, campo NOTA_CREDITO: could not convert string to float: 'E'
2026-10-05 15:40:52 | DEBUG | bdc.alertas | Tolerância Carga Manual: skip conversão para CNPJ 18067083000100, campo NOTA_CREDITO: could not convert string to float: 'E'
2026-10-05 15:40:52 | DEBUG | bdc.alertas | Tolerância Carga Manual: skip conversão para CNPJ 18269125000187, campo NOTA_CREDITO: could not convert string to float: 'E'
2026-10-05 15:40:52 | DEBUG | bdc.alertas | Tolerância Carga Manual: skip conversão para CNPJ 18279158000108, campo NOTA_CREDITO: could not convert string to float: 'E'
2026-10-05 15:40:52 | DEBUG | bdc.alertas | Tolerância Carga Manual: skip conversão para CNPJ 18845076000183, campo NOTA_CREDITO: could not convert string to float: 'E'
2026-10-05 15:40:52 | DEBUG | bdc.alertas | Tolerância Carga Manual: skip conversão para CNPJ 19166180000104, campo NOTA_CREDITO: could not convert string to float: 'E'
2026-10-05 15:40:52 | DEBUG | bdc.alertas | Tolerância Carga Manual: skip conversão para CNPJ 20003699000150, campo NOTA_CREDITO: could not convert string to float: 'E'
2026-10-05 15:40:52 | DEBUG | bdc.alertas | Tolerância Carga Manual: skip conversão para CNPJ 20346524000146, campo NOTA_CREDITO: could not convert string to float: 'A'
2026-10-05 15:40:52 | DEBUG | bdc.alertas | Tolerância Carga Manual: skip conversão para CNPJ 21819182000105, campo NOTA_CREDITO: could not convert string to float: 'E'
2026-10-05 15:40:52 | DEBUG | bdc.alertas | Tolerância Carga Manual: skip conversão para CNPJ 23637697000101, campo NOTA_CREDITO: could not convert string to float: 'A'
2026-10-05 15:40:52 | DEBUG | bdc.alertas | Tolerância Carga Manual: skip conversão para CNPJ 28969492000147, campo NOTA_CREDITO: could not convert string to float: 'C'
2026-10-05 15:40:52 | DEBUG | bdc.alertas | Tolerância Carga Manual: skip conversão para CNPJ 29938085000135, campo NOTA_CREDITO: could not convert string to float: 'D'
2026-10-05 15:40:52 | DEBUG | bdc.alertas | Tolerância Carga Manual: skip conversão para CNPJ 32140332000168, campo NOTA_CREDITO: could not convert string to float: 'B'
2026-10-05 15:40:52 | DEBUG | bdc.alertas | Tolerância Carga Manual: skip conversão para CNPJ 33042730000104, campo NOTA_CREDITO: could not convert string to float: 'E'
2026-10-05 15:40:52 | DEBUG | bdc.alertas | Tolerância Carga Manual: skip conversão para CNPJ 33592510000154, campo NOTA_CREDITO: could not convert string to float: 'A'
2026-10-05 15:40:52 | DEBUG | bdc.alertas | Tolerância Carga Manual: skip conversão para CNPJ 33611500000119, campo NOTA_CREDITO: could not convert string to float: 'A'
2026-10-05 15:40:52 | DEBUG | bdc.alertas | Tolerância Carga Manual: skip conversão para CNPJ 33931478000194, campo NOTA_CREDITO: could not convert string to float: 'A'
2026-10-05 15:40:52 | DEBUG | bdc.alertas | Tolerância Carga Manual: skip conversão para CNPJ 33958695000178, campo NOTA_CREDITO: could not convert string to float: 'A'
2026-10-05 15:40:52 | DEBUG | bdc.alertas | Tolerância Carga Manual: skip conversão para CNPJ 34562112000158, campo NOTA_CREDITO: could not convert string to float: 'E'
2026-10-05 15:40:52 | DEBUG | bdc.alertas | Tolerância Carga Manual: skip conversão para CNPJ 35820448000136, campo NOTA_CREDITO: could not convert string to float: 'A'
2026-10-05 15:40:52 | DEBUG | bdc.alertas | Tolerância Carga Manual: skip conversão para CNPJ 40772936000155, campo NOTA_CREDITO: could not convert string to float: 'E'
2026-10-05 15:40:52 | DEBUG | bdc.alertas | Tolerância Carga Manual: skip conversão para CNPJ 41501877000143, campo NOTA_CREDITO: could not convert string to float: 'A'
2026-10-05 15:40:52 | DEBUG | bdc.alertas | Tolerância Carga Manual: skip conversão para CNPJ 41777706000141, campo NOTA_CREDITO: could not convert string to float: 'E'
2026-10-05 15:40:52 | DEBUG | bdc.alertas | Tolerância Carga Manual: skip conversão para CNPJ 42105890000146, campo NOTA_CREDITO: could not convert string to float: 'A'
2026-10-05 15:40:52 | DEBUG | bdc.alertas | Tolerância Carga Manual: skip conversão para CNPJ 42150391000170, campo NOTA_CREDITO: could not convert string to float: 'E'
2026-10-05 15:40:52 | DEBUG | bdc.alertas | Tolerância Carga Manual: skip conversão para CNPJ 42184226000130, campo NOTA_CREDITO: could not convert string to float: 'E'
2026-10-05 15:40:52 | DEBUG | bdc.alertas | Tolerância Carga Manual: skip conversão para CNPJ 42288184000187, campo NOTA_CREDITO: could not convert string to float: 'E'
2026-10-05 15:40:52 | DEBUG | bdc.alertas | Tolerância Carga Manual: skip conversão para CNPJ 42416651000107, campo NOTA_CREDITO: could not convert string to float: 'D'
2026-10-05 15:40:52 | DEBUG | bdc.alertas | Tolerância Carga Manual: skip conversão para CNPJ 42566752000164, campo NOTA_CREDITO: could not convert string to float: 'E'
2026-10-05 15:40:52 | DEBUG | bdc.alertas | Tolerância Carga Manual: skip conversão para CNPJ 43545284000104, campo NOTA_CREDITO: could not convert string to float: 'E'
2026-10-05 15:40:52 | DEBUG | bdc.alertas | Tolerância Carga Manual: skip conversão para CNPJ 43776517000180, campo NOTA_CREDITO: could not convert string to float: 'A'
2026-10-05 15:40:52 | DEBUG | bdc.alertas | Tolerância Carga Manual: skip conversão para CNPJ 45399961000159, campo NOTA_CREDITO: could not convert string to float: 'B'
2026-10-05 15:40:52 | DEBUG | bdc.alertas | Tolerância Carga Manual: skip conversão para CNPJ 47067525000108, campo NOTA_CREDITO: could not convert string to float: 'E'
2026-10-05 15:40:52 | DEBUG | bdc.alertas | Tolerância Carga Manual: skip conversão para CNPJ 47080619000117, campo NOTA_CREDITO: could not convert string to float: 'A'
2026-10-05 15:40:52 | DEBUG | bdc.alertas | Tolerância Carga Manual: skip conversão para CNPJ 47964911000100, campo NOTA_CREDITO: could not convert string to float: 'E'
2026-10-05 15:40:52 | DEBUG | bdc.alertas | Tolerância Carga Manual: skip conversão para CNPJ 48256824000153, campo NOTA_CREDITO: could not convert string to float: 'B'
2026-10-05 15:40:52 | DEBUG | bdc.alertas | Tolerância Carga Manual: skip conversão para CNPJ 48539407000118, campo NOTA_CREDITO: could not convert string to float: 'A'
2026-10-05 15:40:52 | DEBUG | bdc.alertas | Tolerância Carga Manual: skip conversão para CNPJ 48540421000131, campo NOTA_CREDITO: could not convert string to float: 'E'
2026-10-05 15:40:52 | DEBUG | bdc.alertas | Tolerância Carga Manual: skip conversão para CNPJ 48845556000105, campo NOTA_CREDITO: could not convert string to float: 'E'
2026-10-05 15:40:52 | DEBUG | bdc.alertas | Tolerância Carga Manual: skip conversão para CNPJ 48992518000185, campo NOTA_CREDITO: could not convert string to float: 'E'
2026-10-05 15:40:52 | DEBUG | bdc.alertas | Tolerância Carga Manual: skip conversão para CNPJ 51466860000156, campo NOTA_CREDITO: could not convert string to float: 'D'
2026-10-05 15:40:52 | DEBUG | bdc.alertas | Tolerância Carga Manual: skip conversão para CNPJ 51784262000125, campo NOTA_CREDITO: could not convert string to float: 'A'
2026-10-05 15:40:52 | DEBUG | bdc.alertas | Tolerância Carga Manual: skip conversão para CNPJ 53162783000176, campo NOTA_CREDITO: could not convert string to float: 'D'
2026-10-05 15:40:52 | DEBUG | bdc.alertas | Tolerância Carga Manual: skip conversão para CNPJ 54105671000146, campo NOTA_CREDITO: could not convert string to float: 'C'
2026-10-05 15:40:52 | DEBUG | bdc.alertas | Tolerância Carga Manual: skip conversão para CNPJ 57507626000106, campo NOTA_CREDITO: could not convert string to float: 'A'
2026-10-05 15:40:52 | DEBUG | bdc.alertas | Tolerância Carga Manual: skip conversão para CNPJ 59221316000156, campo NOTA_CREDITO: could not convert string to float: 'E'
2026-10-05 15:40:52 | DEBUG | bdc.alertas | Tolerância Carga Manual: skip conversão para CNPJ 60476884000187, campo NOTA_CREDITO: could not convert string to float: 'E'
2026-10-05 15:40:52 | DEBUG | bdc.alertas | Tolerância Carga Manual: skip conversão para CNPJ 60498706000157, campo NOTA_CREDITO: could not convert string to float: 'D'
2026-10-05 15:40:52 | DEBUG | bdc.alertas | Tolerância Carga Manual: skip conversão para CNPJ 60561800000103, campo NOTA_CREDITO: could not convert string to float: 'E'
2026-10-05 15:40:52 | DEBUG | bdc.alertas | Tolerância Carga Manual: skip conversão para CNPJ 60619202000148, campo NOTA_CREDITO: could not convert string to float: 'A'
2026-10-05 15:40:52 | DEBUG | bdc.alertas | Tolerância Carga Manual: skip conversão para CNPJ 60894730000105, campo NOTA_CREDITO: could not convert string to float: 'C'
2026-10-05 15:40:52 | DEBUG | bdc.alertas | Tolerância Carga Manual: skip conversão para CNPJ 61067161000197, campo NOTA_CREDITO: could not convert string to float: 'E'
2026-10-05 15:40:52 | DEBUG | bdc.alertas | Tolerância Carga Manual: skip conversão para CNPJ 61082988000170, campo NOTA_CREDITO: could not convert string to float: 'A'
2026-10-05 15:40:52 | DEBUG | bdc.alertas | Tolerância Carga Manual: skip conversão para CNPJ 61409892000173, campo NOTA_CREDITO: could not convert string to float: 'B'
2026-10-05 15:40:52 | DEBUG | bdc.alertas | Tolerância Carga Manual: skip conversão para CNPJ 61460325000141, campo NOTA_CREDITO: could not convert string to float: 'B'
2026-10-05 15:40:52 | DEBUG | bdc.alertas | Tolerância Carga Manual: skip conversão para CNPJ 61887899000109, campo NOTA_CREDITO: could not convert string to float: 'E'
2026-10-05 15:40:52 | DEBUG | bdc.alertas | Tolerância Carga Manual: skip conversão para CNPJ 62070362000106, campo NOTA_CREDITO: could not convert string to float: 'A'
2026-10-05 15:40:52 | DEBUG | bdc.alertas | Tolerância Carga Manual: skip conversão para CNPJ 62258884000136, campo NOTA_CREDITO: could not convert string to float: 'E'
2026-10-05 15:40:52 | DEBUG | bdc.alertas | Tolerância Carga Manual: skip conversão para CNPJ 62545686000153, campo NOTA_CREDITO: could not convert string to float: 'D'
2026-10-05 15:40:52 | DEBUG | bdc.alertas | Tolerância Carga Manual: skip conversão para CNPJ 62695036000194, campo NOTA_CREDITO: could not convert string to float: 'A'
2026-10-05 15:40:52 | DEBUG | bdc.alertas | Tolerância Carga Manual: skip conversão para CNPJ 65882680000160, campo NOTA_CREDITO: could not convert string to float: 'D'
2026-10-05 15:40:52 | DEBUG | bdc.alertas | Tolerância Carga Manual: skip conversão para CNPJ 71832679000123, campo NOTA_CREDITO: could not convert string to float: 'D'
2026-10-05 15:40:52 | DEBUG | bdc.alertas | Tolerância Carga Manual: skip conversão para CNPJ 73856593000166, campo NOTA_CREDITO: could not convert string to float: 'A'
2026-10-05 15:40:52 | DEBUG | bdc.alertas | Tolerância Carga Manual: skip conversão para CNPJ 75084871000130, campo NOTA_CREDITO: could not convert string to float: 'B'
2026-10-05 15:40:52 | DEBUG | bdc.alertas | Tolerância Carga Manual: skip conversão para CNPJ 75222224000147, campo NOTA_CREDITO: could not convert string to float: 'B'
2026-10-05 15:40:52 | DEBUG | bdc.alertas | Tolerância Carga Manual: skip conversão para CNPJ 76093731000190, campo NOTA_CREDITO: could not convert string to float: 'B'
2026-10-05 15:40:52 | DEBUG | bdc.alertas | Tolerância Carga Manual: skip conversão para CNPJ 76484013000145, campo NOTA_CREDITO: could not convert string to float: 'A'
2026-10-05 15:40:52 | DEBUG | bdc.alertas | Tolerância Carga Manual: skip conversão para CNPJ 76493626000149, campo NOTA_CREDITO: could not convert string to float: 'A'
2026-10-05 15:40:52 | DEBUG | bdc.alertas | Tolerância Carga Manual: skip conversão para CNPJ 76630573000160, campo NOTA_CREDITO: could not convert string to float: 'A'
2026-10-05 15:40:52 | DEBUG | bdc.alertas | Tolerância Carga Manual: skip conversão para CNPJ 77781706000243, campo NOTA_CREDITO: could not convert string to float: 'B'
2026-10-05 15:40:52 | DEBUG | bdc.alertas | Tolerância Carga Manual: skip conversão para CNPJ 77863223017930, campo NOTA_CREDITO: could not convert string to float: 'C'
2026-10-05 15:40:52 | DEBUG | bdc.alertas | Tolerância Carga Manual: skip conversão para CNPJ 78613841000161, campo NOTA_CREDITO: could not convert string to float: 'B'
2026-10-05 15:40:52 | DEBUG | bdc.alertas | Tolerância Carga Manual: skip conversão para CNPJ 78908266000124, campo NOTA_CREDITO: could not convert string to float: 'A'
2026-10-05 15:40:52 | DEBUG | bdc.alertas | Tolerância Carga Manual: skip conversão para CNPJ 79114450000165, campo NOTA_CREDITO: could not convert string to float: 'A'
2026-10-05 15:40:52 | DEBUG | bdc.alertas | Tolerância Carga Manual: skip conversão para CNPJ 79379491000183, campo NOTA_CREDITO: could not convert string to float: 'A'
2026-10-05 15:40:52 | DEBUG | bdc.alertas | Tolerância Carga Manual: skip conversão para CNPJ 81270548000153, campo NOTA_CREDITO: could not convert string to float: 'A'
2026-10-05 15:40:52 | DEBUG | bdc.alertas | Tolerância Carga Manual: skip conversão para CNPJ 83305235000119, campo NOTA_CREDITO: could not convert string to float: 'C'
2026-10-05 15:40:52 | DEBUG | bdc.alertas | Tolerância Carga Manual: skip conversão para CNPJ 83310441000117, campo NOTA_CREDITO: could not convert string to float: 'A'
2026-10-05 15:40:52 | DEBUG | bdc.alertas | Tolerância Carga Manual: skip conversão para CNPJ 83731927000129, campo NOTA_CREDITO: could not convert string to float: 'B'
2026-10-05 15:40:52 | DEBUG | bdc.alertas | Tolerância Carga Manual: skip conversão para CNPJ 84046101000193, campo NOTA_CREDITO: could not convert string to float: 'E'
2026-10-05 15:40:52 | DEBUG | bdc.alertas | Tolerância Carga Manual: skip conversão para CNPJ 84693183000168, campo NOTA_CREDITO: could not convert string to float: 'A'
2026-10-05 15:40:52 | DEBUG | bdc.alertas | Tolerância Carga Manual: skip conversão para CNPJ 85070068000108, campo NOTA_CREDITO: could not convert string to float: 'A'
2026-10-05 15:40:52 | DEBUG | bdc.alertas | Tolerância Carga Manual: skip conversão para CNPJ 85937316000167, campo NOTA_CREDITO: could not convert string to float: 'E'
2026-10-05 15:40:52 | DEBUG | bdc.alertas | Tolerância Carga Manual: skip conversão para CNPJ 87776043000141, campo NOTA_CREDITO: could not convert string to float: 'B'
2026-10-05 15:40:52 | DEBUG | bdc.alertas | Tolerância Carga Manual: skip conversão para CNPJ 89086144001198, campo NOTA_CREDITO: could not convert string to float: 'B'
2026-10-05 15:40:52 | DEBUG | bdc.alertas | Tolerância Carga Manual: skip conversão para CNPJ 89637490000145, campo NOTA_CREDITO: could not convert string to float: 'A'
2026-10-05 15:40:52 | DEBUG | bdc.alertas | Tolerância Carga Manual: skip conversão para CNPJ 90660754000160, campo NOTA_CREDITO: could not convert string to float: 'B'
2026-10-05 15:40:52 | DEBUG | bdc.alertas | Tolerância Carga Manual: skip conversão para CNPJ 92802784000190, campo NOTA_CREDITO: could not convert string to float: 'C'
2026-10-05 15:40:52 | DEBUG | bdc.alertas | Tolerância Carga Manual: skip conversão para CNPJ 95824322000161, campo NOTA_CREDITO: could not convert string to float: 'A'
2026-10-05 15:40:52 | DEBUG | bdc.alertas | Tolerância Carga Manual: skip conversão para CNPJ 97081434000103, campo NOTA_CREDITO: could not convert string to float: 'B'
2026-10-05 15:40:52 | DEBUG | bdc.alertas | Tolerância Carga Manual: skip conversão para CNPJ 97837181000147, campo NOTA_CREDITO: could not convert string to float: 'A'
2026-10-05 15:40:52 | DEBUG | bdc.alertas | Tolerância Carga Manual: skip conversão para CNPJ 97839922000129, campo NOTA_CREDITO: could not convert string to float: 'A'
2026-10-05 15:40:52 | DEBUG | bdc.alertas | Tolerância Carga Manual: skip conversão para CNPJ 98042963000152, campo NOTA_CREDITO: could not convert string to float: 'B'
2026-10-05 15:40:52 | INFO | bdc.alertas | Fato Alerta gerada com sucesso via Camada Relacional. Total de alertas: 1672
