2026-08-14 10:50:06 | INFO | bdc.comercializadoras | Carregando Mapping de Comercializadoras: C:\Users\C807951\Desktop\BDC\ENTRADAS\control\mappings\mapping_fichas_comercializadoras.json
2026-08-14 10:50:06 | INFO | bdc.comercializadoras | Mapping de Comercializadoras carregado e validado com sucesso. Quantidade de registros: 48
2026-08-14 10:50:06 | INFO | bdc.comercializadoras | Iniciando carga dos layouts de comercializadoras.
2026-08-14 10:50:06 | INFO | bdc.comercializadoras | Layouts de comercializadoras carregados com sucesso. Quantidade: 7
2026-08-14 10:50:06 | INFO | bdc.comercializadoras | Carregando Regras de Qualidade de Comercializadoras: C:\Users\C807951\Desktop\BDC\ENTRADAS\control\quality\data_quality_rules_fichas_comercializadoras.json
2026-08-14 10:50:06 | INFO | bdc.comercializadoras | Regras de Qualidade de Comercializadoras carregado e validado com sucesso.
2026-08-14 10:50:06 | INFO | bdc.comercializadoras | Faixas de PD carregadas com sucesso.
2026-08-14 10:50:06 | INFO | bdc.comercializadoras | Configuração de CPURA carregada com sucesso.
2026-08-14 10:50:06 | INFO | bdc.comercializadoras | Configuração de score de CPURA carregada com sucesso.
2026-08-14 10:50:06 | INFO | bdc.comercializadoras | Regras de transformação de PD carregadas com sucesso.
2026-08-14 10:50:06 | INFO | bdc.comercializadoras | Iniciando processamento de 1 fichas (1 normais, 0 reprocessamento).
2026-08-14 10:50:06 | INFO | bdc.comercializadoras | Iniciando processamento do arquivo AMBAR 11122023.xlsx em modo incremental.
2026-08-14 10:50:06 | INFO | bdc.comercializadoras | Iniciando classificação do workbook com 7 layouts.
2026-08-14 10:50:06 | INFO | bdc.comercializadoras | Testando layout 'padrao_1' com 1 verify_fields.
2026-08-14 10:50:06 | INFO | bdc.comercializadoras | Verificação (estática) 'CNPJ': label_cell=C9, expected='CNPJ', actual='', matched=False
2026-08-14 10:50:06 | INFO | bdc.comercializadoras | Layout 'padrao_1' rejeitado. Campo de verificação 'CNPJ' não coincidiu.
2026-08-14 10:50:06 | INFO | bdc.comercializadoras | Testando layout 'padrao_2' com 1 verify_fields.
2026-08-14 10:50:06 | INFO | bdc.comercializadoras | Verificação (estática) 'CNPJ': label_cell=A7, expected='CNPJ', actual='', matched=False
2026-08-14 10:50:06 | INFO | bdc.comercializadoras | Layout 'padrao_2' rejeitado. Campo de verificação 'CNPJ' não coincidiu.
2026-08-14 10:50:06 | INFO | bdc.comercializadoras | Testando layout 'padrao_3' com 1 verify_fields.
2026-08-14 10:50:06 | INFO | bdc.comercializadoras | Verificação (estática) 'CNPJ': label_cell=A13, expected='CNPJ', actual='CNPJ', matched=True
2026-08-14 10:50:06 | INFO | bdc.comercializadoras | Layout 'padrao_3' classificado com sucesso. Campos verificados: ['CNPJ']
2026-08-14 10:50:06 | INFO | bdc.comercializadoras | Layout padrao_3 identificado para AMBAR 11122023.xlsx.
2026-08-14 10:50:06 | INFO | bdc.comercializadoras | Carregando tipagem da classe Python: field_types_fichas_comercializadoras
2026-08-14 10:50:06 | INFO | bdc.comercializadoras | Registro normalizado (Entrada: 29, Saída: 29).
2026-08-14 10:50:06 | INFO | bdc.comercializadoras | Iniciando validação unificada do registro. CNPJ=31627849000113 EMPRESA=None
2026-08-14 10:50:06 | INFO | bdc.comercializadoras | Validação concluída. CNPJ=31627849000113 ERROS=0 AVISOS=0
2026-08-14 10:50:06 | INFO | bdc.comercializadoras | Nova versão identificada para CNPJ 31627849000113 e DF 31/12/2022. O registro será versionado na Silver.
2026-08-14 10:50:06 | INFO | bdc.comercializadoras | Iniciando cálculo de PD ajustada. CNPJ=31627849000113 SEGMENTO_PD=CPURA
2026-08-14 10:50:06 | ERROR | bdc.comercializadoras | Erro controlado no cálculo de PD ajustada. CNPJ=31627849000113 SEGMENTO_PD=CPURA
Traceback (most recent call last):
  File "C:\Users\C807951\Desktop\BDC\src\domain\credito\pd_engine.py", line 44, in calcular_pd_ajustada
    validar_insumos_pd(registro, segmento_pd)
    ~~~~~~~~~~~~~~~~~~^^^^^^^^^^^^^^^^^^^^^^^
  File "C:\Users\C807951\Desktop\BDC\src\domain\credito\pd_validator.py", line 67, in validar_insumos_pd
    raise PdInputValidationError("Rating final não informado.")
domain.credito.pd_exceptions.PdInputValidationError: Rating final não informado.
2026-08-14 10:50:06 | WARNING | bdc.comercializadoras | PD ajustada não calculada para AMBAR 11122023.xlsx. Motivo: Rating final não informado.
2026-08-14 10:50:06 | INFO | bdc.comercializadoras | Fonte bronze_staging: C:\Users\C807951\Desktop\BDC\SAIDAS\staging\fichas_comercializadoras\AMBAR 11122023__93c0c37f.xlsx
2026-08-14 10:50:06 | INFO | bdc.comercializadoras | Destino bronze_staging: C:\Users\C807951\Desktop\BDC\SAIDAS\staging\fichas_comercializadoras\AMBAR 11122023__padrao_3__31627849000113__31122022__93c0c37f.xlsx
2026-08-14 10:50:06 | INFO | bdc.comercializadoras | Tamanho do caminho destino: 134
2026-08-14 10:50:06 | INFO | bdc.comercializadoras | Ficha processada com sucesso: AMBAR 11122023.xlsx.
