2026-09-10 15:37:28 | INFO | bdc.runner | 
============================================================
Executando Etapa: Fichas Comercializadoras
============================================================
2026-09-10 15:42:03 | INFO | bdc.runner | [OK] 'Fichas Comercializadoras' concluido com sucesso.
2026-09-10 15:42:03 | INFO | bdc.runner | 
============================================================
Executando Etapa: Fichas Consumidores
============================================================
2026-09-10 15:44:23 | INFO | bdc.runner | [OK] 'Fichas Consumidores' concluido com sucesso.
2026-09-10 15:44:23 | INFO | bdc.runner | 
============================================================
Executando Etapa: Ingestao de Contratos (Denodo)
============================================================
2026-09-10 15:44:46 | INFO | bdc.runner | [OK] 'Ingestao de Contratos (Denodo)' concluido com sucesso.
2026-09-10 15:44:46 | INFO | bdc.runner | 
============================================================
Executando Etapa: Enquadramento de Consumidores
============================================================
2026-09-10 15:44:46 | INFO | bdc.runner | [OK] 'Enquadramento de Consumidores' concluido com sucesso.
2026-09-10 15:44:46 | INFO | bdc.runner | 
============================================================
Executando Etapa: Ingestao de MtM
============================================================
2026-09-10 15:44:47 | INFO | bdc.runner | [OK] 'Ingestao de MtM' concluido com sucesso.
2026-09-10 15:44:47 | INFO | bdc.runner | 
============================================================
Executando Etapa: Ingestao do Salesforce
============================================================
2026-09-10 15:45:13 | INFO | bdc.runner | [OK] 'Ingestao do Salesforce' concluido com sucesso.
2026-09-10 15:45:13 | INFO | bdc.runner | 
============================================================
Executando Etapa: Ingestao da Receita Federal
============================================================
2026-09-10 15:45:15 | INFO | bdc.runner | [OK] 'Ingestao da Receita Federal' concluido com sucesso.
2026-09-10 15:45:15 | INFO | bdc.runner | 
============================================================
Executando Etapa: Ingestao de Bureau (RISK3)
============================================================
2026-09-10 15:45:36 | INFO | bdc.runner | [OK] 'Ingestao de Bureau (RISK3)' concluido com sucesso.
2026-09-10 15:45:36 | INFO | bdc.runner | 
============================================================
Executando Etapa: Ingestao de Garantias
============================================================
2026-09-10 15:45:41 | INFO | bdc.runner | [OK] 'Ingestao de Garantias' concluido com sucesso.
2026-09-10 15:45:41 | INFO | bdc.runner | 
============================================================
Executando Etapa: Solicitacoes de Override
============================================================
2026-09-10 15:45:41 | INFO | bdc.runner | [OK] 'Solicitacoes de Override' concluido com sucesso.
2026-09-10 15:45:41 | INFO | bdc.runner | 
============================================================
Executando Etapa: Carga Manual (Eventos e Overrides)
============================================================
2026-09-10 15:45:41 | INFO | bdc.runner | [OK] 'Carga Manual (Eventos e Overrides)' concluido com sucesso.
2026-09-10 15:45:41 | INFO | bdc.runner | 
============================================================
Executando Etapa: Dimensao Contraparte
============================================================
2026-09-10 15:45:43 | INFO | bdc.runner | [OK] 'Dimensao Contraparte' concluido com sucesso.
2026-09-10 15:45:43 | INFO | bdc.runner | 
============================================================
Executando Etapa: Fato Analise de Credito
============================================================
2026-09-10 15:45:44 | INFO | bdc.runner | [OK] 'Fato Analise de Credito' concluido com sucesso.
2026-09-10 15:45:44 | INFO | bdc.runner | 
============================================================
Executando Etapa: Fato Garantia
============================================================
2026-09-10 15:45:53 | INFO | bdc.runner | [OK] 'Fato Garantia' concluido com sucesso.
2026-09-10 15:45:53 | INFO | bdc.runner | 
============================================================
Executando Etapa: Fato Exposicao de Risco
============================================================
2026-09-10 15:45:54 | INFO | bdc.runner | [OK] 'Fato Exposicao de Risco' concluido com sucesso.
2026-09-10 15:45:54 | INFO | bdc.runner | 
============================================================
Executando Etapa: Fato Reconciliacao Denodo x MtM
============================================================
2026-09-10 15:45:54 | INFO | bdc.runner | [OK] 'Fato Reconciliacao Denodo x MtM' concluido com sucesso.
2026-09-10 15:45:54 | INFO | bdc.runner | 
============================================================
Executando Etapa: Fato Reconciliacao Fichas x Salesforce
============================================================
2026-09-10 15:46:07 | INFO | bdc.runner | [OK] 'Fato Reconciliacao Fichas x Salesforce' concluido com sucesso.
2026-09-10 15:46:07 | INFO | bdc.runner | 
============================================================
Executando Etapa: Fato Alertas de Credito
============================================================
2026-09-10 15:46:07 | INFO | bdc.runner | [OK] 'Fato Alertas de Credito' concluido com sucesso.
2026-09-10 15:46:07 | INFO | bdc.runner | 
============================================================
Executando Etapa: Alertas de Carga Manual e Exceções
============================================================
2026-09-10 15:46:08 | INFO | bdc.runner | [OK] 'Alertas de Carga Manual e Exceções' concluido com sucesso.
2026-09-10 15:46:08 | INFO | bdc.runner | 
============================================================
Executando Etapa: Visao Consolidada Gold
============================================================
2026-09-10 15:46:12 | INFO | bdc.runner | [OK] 'Visao Consolidada Gold' concluido com sucesso.
2026-09-10 15:46:12 | INFO | bdc.runner | 
============================================================
Executando Etapa: Interface Streamlit
============================================================
