2026-10-05 15:40:17 | INFO | bdc.governanca.carga_manual | [REPESCAGEM] Ficha consumidor 'FICHA_CONSUMIDORES_AMSTED_MAXXION_PREENCHIDA.xlsx' devolvida para a fila (CNPJ: 01599436000101).
2026-10-05 15:40:17 | INFO | bdc.governanca.carga_manual | [REPESCAGEM] Ficha consumidor 'COPREL 18082026.xlsx' devolvida para a fila (CNPJ: 90660754000160).
2026-10-05 15:40:17 | INFO | bdc.governanca.carga_manual | [REPESCAGEM] Ficha consumidor 'OXITENO 24062026.xlsx' devolvida para a fila (CNPJ: 62545686000153).
2026-10-05 15:40:17 | INFO | bdc.governanca.carga_manual | [REPESCAGEM] Ficha consumidor 'DANGLASS 29062026.xlsx' devolvida para a fila (CNPJ: 48992518000185).
2026-10-05 15:40:17 | INFO | bdc.governanca.carga_manual | [REPESCAGEM] Ficha consumidor 'MINERACAO RIO DO NORTE 16062026.xlsx' devolvida para a fila (CNPJ: 04932216000146).
2026-10-05 15:40:17 | INFO | bdc.governanca.carga_manual | [REPESCAGEM] Ficha comercializadora 'COPREL GERAÇÃO 23062026.xlsx' devolvida para a fila (CNPJ: 08323274000123).
2026-10-05 15:40:17 | INFO | bdc.governanca.carga_manual | [REPESCAGEM] Ficha comercializadora 'VITOL POWER 20072026.xlsx' devolvida para a fila (CNPJ: 43308969000137).
2026-10-05 15:40:17 | INFO | bdc.governanca.carga_manual | [REPESCAGEM] Ficha comercializadora 'SANTA HELENA ENERGIA 15062026.xlsx' devolvida para a fila (CNPJ: 12150746000160).
2026-10-05 15:40:17 | INFO | bdc.governanca.carga_manual | [REPESCAGEM] Ficha consumidor 'KINROSS 28102025.xlsx' devolvida para a fila (CNPJ: 20346524000146).
2026-10-05 15:40:17 | INFO | bdc.governanca.carga_manual | [REPESCAGEM] Ficha comercializadora 'TRIEX 26032026.xlsx' devolvida para a fila (CNPJ: 50729198000117).
2026-10-05 15:40:17 | INFO | bdc.governanca.carga_manual | [REPESCAGEM] Ficha consumidor 'GERDAU ACOS LONGOS - 00482085.xlsx' devolvida para a fila (CNPJ: 07358761005632).
2026-10-05 15:40:17 | INFO | bdc.governanca.carga_manual | [REPESCAGEM] Ficha consumidor 'EMBASA 18062026.xlsx' devolvida para a fila (CNPJ: 13504675000110).
2026-10-05 15:40:17 | INFO | bdc.governanca.carga_manual | [REPESCAGEM] Ficha comercializadora 'CELESC Geração 28052026.xlsx' devolvida para a fila (CNPJ: 08336804000178).
2026-10-05 15:40:17 | INFO | bdc.governanca.carga_manual | [REPESCAGEM] Ficha consumidor 'TEREOS ACUCAR 14072026.xlsx' devolvida para a fila (CNPJ: 47080619000117).
2026-10-05 15:40:17 | INFO | bdc.governanca.carga_manual | [REPESCAGEM] Ficha consumidor 'BUNGE 14092026 REAVALIACAO.xlsx' devolvida para a fila (CNPJ: 84046101000193).
2026-10-05 15:40:17 | INFO | bdc.governanca.carga_manual | [REPESCAGEM] Ficha consumidor 'COOPERALFA 27052026.xlsx' devolvida para a fila (CNPJ: 83305235000119).
2026-10-05 15:40:17 | INFO | bdc.governanca.carga_manual | [REPESCAGEM] Ficha comercializadora 'SERRA DAS VACAS HOLDING II.xlsx' devolvida para a fila (CNPJ: 24011952000179).
2026-10-05 15:40:17 | INFO | bdc.governanca.carga_manual | [REPESCAGEM] Ficha comercializadora 'IJUÍ 13072026.xlsx' devolvida para a fila (CNPJ: 07823304000106).
2026-10-05 15:40:17 | INFO | bdc.governanca.carga_manual | [REPESCAGEM] Ficha comercializadora 'BEP ENERGIA RATING 24032026.xlsx' devolvida para a fila (CNPJ: 14555633000170).
2026-10-05 15:40:17 | INFO | bdc.governanca.carga_manual | [REPESCAGEM] Ficha consumidor 'TES Terminal Exp Santos 05052026.xlsx' devolvida para a fila (CNPJ: 18845076000183).
2026-10-05 15:40:17 | INFO | bdc.governanca.carga_manual | [REPESCAGEM] Ficha consumidor 'LYCRA_22062023.xlsx' devolvida para a fila (CNPJ: 00021096000417).
2026-10-05 15:40:17 | INFO | bdc.governanca.carga_manual | [REPESCAGEM] Ficha comercializadora 'AGE COMERCIALIZADORA 30062026.xlsx' devolvida para a fila (CNPJ: 14167541000113).
2026-10-05 15:40:17 | INFO | bdc.governanca.carga_manual | [REPESCAGEM] Ficha consumidor 'ALBRAS 21072026.xlsx' devolvida para a fila (CNPJ: 05053020000144).
2026-10-05 15:40:17 | INFO | bdc.governanca.carga_manual | [REPESCAGEM] Ficha consumidor 'SINOBRAS 09072026.xlsx' devolvida para a fila (CNPJ: 07933914000154).
2026-10-05 15:40:17 | INFO | bdc.governanca.carga_manual | [REPESCAGEM] Ficha consumidor 'KLABIN 15052026.xlsx' devolvida para a fila (CNPJ: 89637490000145).
2026-10-05 15:40:17 | INFO | bdc.governanca.carga_manual | [REPESCAGEM] Ficha consumidor 'FICHA_CONSUMIDORES_FS_BIOENERGIA_CORRIGIDA_PCF.xlsx' devolvida para a fila (CNPJ: 20003699000150).
2026-10-05 15:40:17 | INFO | bdc.governanca.carga_manual | [REPESCAGEM] Ficha consumidor 'LDC MATRIZ.xlsx' devolvida para a fila (CNPJ: 47067525000108).
2026-10-05 15:40:17 | INFO | bdc.governanca.carga_manual | [REPESCAGEM] Ficha comercializadora 'ATMO 04052026.xlsx' devolvida para a fila (CNPJ: 11322550000143).
2026-10-05 15:40:17 | INFO | bdc.governanca.carga_manual | [REPESCAGEM] Ficha consumidor 'COOPERVAL 14072026.xlsx' devolvida para a fila (CNPJ: 75084871000130).
2026-10-05 15:40:17 | INFO | bdc.governanca.carga_manual | [REPESCAGEM] Ficha comercializadora 'DEAL 29062026.xlsx' devolvida para a fila (CNPJ: 10671322000116).
2026-10-05 15:40:17 | INFO | bdc.governanca.carga_manual | [REPESCAGEM] Ficha consumidor 'CELETRO 08072026.xlsx' devolvida para a fila (CNPJ: 87776043000141).
2026-10-05 15:40:17 | INFO | bdc.governanca.carga_manual | [REPESCAGEM] Ficha consumidor 'COOPERATIVA REGIONAL AURIVERDE RATING 12032026.xlsx' devolvida para a fila (CNPJ: 83731927000129).
2026-10-05 15:40:17 | INFO | bdc.governanca.carga_manual | [REPESCAGEM] Ficha consumidor 'ALCOESTE FERNANDÓPOLIS 22052026.xlsx' devolvida para a fila (CNPJ: 43545284000104).
2026-10-05 15:40:17 | INFO | bdc.governanca.carga_manual | [REPESCAGEM] Ficha consumidor 'SALOBO METAIS 20082026.xlsx' devolvida para a fila (CNPJ: 33931478000194).
2026-10-05 15:40:17 | INFO | bdc.governanca.carga_manual | [REPESCAGEM] Ficha comercializadora 'ENERCORE 01072026.xlsx' devolvida para a fila (CNPJ: 18416364000112).
2026-10-05 15:40:17 | INFO | bdc.governanca.carga_manual | [REPESCAGEM] Ficha consumidor 'MINERACAO USMINAS 13082026.xlsx' devolvida para a fila (CNPJ: 12056613000120).
2026-10-05 15:40:17 | INFO | bdc.governanca.carga_manual | [REPESCAGEM] Ficha consumidor 'C. VALE 25052026.xlsx' devolvida para a fila (CNPJ: 77863223017930).
2026-10-05 15:40:17 | INFO | bdc.governanca.carga_manual | [REPESCAGEM] Ficha consumidor 'TERNIUM 26052026.xlsx' devolvida para a fila (CNPJ: 07005330000119).
2026-10-05 15:40:17 | INFO | bdc.governanca.carga_manual | [REPESCAGEM] Ficha consumidor 'BRASFRIGO 15062026.xlsx' devolvida para a fila (CNPJ: 19166180000104).
2026-10-05 15:40:17 | INFO | bdc.governanca.carga_manual | [REPESCAGEM] Ficha consumidor 'FICHA_CONSUMIDORES_UNIMED_SOROCABA_PREENCHIDA 2.xlsx' devolvida para a fila (CNPJ: 45399961000159).
2026-10-05 15:40:17 | INFO | bdc.governanca.carga_manual | [REPESCAGEM] Ficha consumidor 'METRO SP 23062026.xlsx' devolvida para a fila (CNPJ: 62070362000106).
2026-10-05 15:40:17 | INFO | bdc.governanca.carga_manual | [REPESCAGEM] Ficha consumidor 'Engetech 10032025.xlsx' devolvida para a fila (CNPJ: 01144673000188).
2026-10-05 15:40:17 | INFO | bdc.governanca.carga_manual | [REPESCAGEM] Ficha comercializadora 'BRAVO 08052026.xlsx' devolvida para a fila (CNPJ: 31512081000132).
2026-10-05 15:40:17 | INFO | bdc.governanca.carga_manual | [REPESCAGEM] Ficha consumidor 'FICHA_CONSUMIDORES_CORSAN_PREENCHIDA.xlsx' devolvida para a fila (CNPJ: 92802784000190).
2026-10-05 15:40:17 | INFO | bdc.governanca.carga_manual | [REPESCAGEM] Ficha consumidor 'AURORA ALIMENTOS 20072026.xlsx' devolvida para a fila (CNPJ: 83310441000117).
2026-10-05 15:40:17 | INFO | bdc.governanca.carga_manual | [REPESCAGEM] Ficha consumidor 'PLASTICOS AMSTERDAN 13072026.xlsx' devolvida para a fila (CNPJ: 59221316000156).
2026-10-05 15:40:17 | INFO | bdc.governanca.carga_manual | [REPESCAGEM] Ficha consumidor 'BRF RATING 01122025.xlsx' devolvida para a fila (CNPJ: 01838723000127).
2026-10-05 15:40:17 | INFO | bdc.governanca.carga_manual | [REPESCAGEM] Ficha consumidor 'RVTRANS 31072026.xlsx' devolvida para a fila (CNPJ: 32140332000168).
2026-10-05 15:40:18 | INFO | bdc.governanca.carga_manual | [REPESCAGEM] Ficha comercializadora 'J&F 15092025.xlsx' devolvida para a fila (CNPJ: 00350763000162).
2026-10-05 15:40:18 | INFO | bdc.governanca.carga_manual | [REPESCAGEM] Ficha consumidor 'COFCO 21072026.xlsx' devolvida para a fila (CNPJ: 06315338000119).
2026-10-05 15:40:18 | INFO | bdc.governanca.carga_manual | [REPESCAGEM] Ficha consumidor 'WHITE MARTINS 30072026.xlsx' devolvida para a fila (CNPJ: 35820448000136).
2026-10-05 15:40:18 | INFO | bdc.governanca.carga_manual | [REPESCAGEM] Ficha consumidor 'USINA LATICIÍNIOS JUSSARA 08052026.xlsx' devolvida para a fila (CNPJ: 47964911000100).
2026-10-05 15:40:18 | INFO | bdc.governanca.carga_manual | [REPESCAGEM] Ficha comercializadora 'SEMPER 02062026.xlsx' devolvida para a fila (CNPJ: 48591179000125).
2026-10-05 15:40:18 | INFO | bdc.governanca.carga_manual | [REPESCAGEM] Ficha consumidor 'BOZEL 24062026.xlsx' devolvida para a fila (CNPJ: 08090788000267).
2026-10-05 15:40:18 | INFO | bdc.governanca.carga_manual | [REPESCAGEM] Ficha consumidor 'CP KELKO RATING 02022026.xlsx' devolvida para a fila (CNPJ: 54105671000146).
2026-10-05 15:40:18 | INFO | bdc.governanca.carga_manual | [REPESCAGEM] Ficha consumidor 'SANEPAR 21052026.xlsx' devolvida para a fila (CNPJ: 76484013000145).
2026-10-05 15:40:18 | INFO | bdc.governanca.carga_manual | [REPESCAGEM] Ficha consumidor 'TCP RATING 04112025.xlsx' devolvida para a fila (CNPJ: 12919786000124).
2026-10-05 15:40:18 | INFO | bdc.governanca.carga_manual | [REPESCAGEM] Ficha comercializadora 'ECOM 22042026.xlsx' devolvida para a fila (CNPJ: 05352237000155).
2026-10-05 15:40:18 | INFO | bdc.governanca.carga_manual | [REPESCAGEM] Ficha comercializadora 'ADN 02062026.xlsx' devolvida para a fila (CNPJ: 20591154000102).
2026-10-05 15:40:18 | INFO | bdc.governanca.carga_manual | [REPESCAGEM] Ficha consumidor 'REFINARIA MATARIPE 17082026.xlsx' devolvida para a fila (CNPJ: 41777706000141).
2026-10-05 15:40:18 | INFO | bdc.governanca.carga_manual | [REPESCAGEM] Ficha consumidor 'CARGILL 11062026 - REVISÃO.xlsx' devolvida para a fila (CNPJ: 60498706000157).
2026-10-05 15:40:18 | INFO | bdc.governanca.carga_manual | [REPESCAGEM] Ficha consumidor 'AMBIENTAL - NESTOR DE BARROS 31072026.xlsx' devolvida para a fila (CNPJ: 08405256000190).
2026-10-05 15:40:18 | INFO | bdc.governanca.carga_manual | [REPESCAGEM] Ficha comercializadora 'POLLARIX 03062026.xlsx' devolvida para a fila (CNPJ: 04755710000182).
2026-10-05 15:40:18 | INFO | bdc.governanca.carga_manual | [REPESCAGEM] Ficha comercializadora 'ELETROBRAS.xlsx' devolvida para a fila (CNPJ: 00001180000207).
2026-10-05 15:40:18 | INFO | bdc.governanca.carga_manual | [REPESCAGEM] Ficha consumidor 'UNIMED LONDRINA.xlsx' devolvida para a fila (CNPJ: 75222224000147).
2026-10-05 15:40:18 | INFO | bdc.governanca.carga_manual | [REPESCAGEM] Ficha comercializadora 'GRID ENERGIA 23062026.xlsx' devolvida para a fila (CNPJ: 32618447000115).
2026-10-05 15:40:18 | INFO | bdc.governanca.carga_manual | [REPESCAGEM] Ficha consumidor 'TRANSPETRO 08062026.xlsx' devolvida para a fila (CNPJ: 02709449000159).
2026-10-05 15:40:18 | INFO | bdc.governanca.carga_manual | [REPESCAGEM] Ficha consumidor 'ARAMART 28072026.xlsx' devolvida para a fila (CNPJ: 13416922000126).
2026-10-05 15:40:18 | INFO | bdc.governanca.carga_manual | [REPESCAGEM] Ficha consumidor 'ASCENTY 21052026.xlsx' devolvida para a fila (CNPJ: 13743550000142).
2026-10-05 15:40:18 | INFO | bdc.governanca.carga_manual | [REPESCAGEM] Ficha consumidor 'NOVA FIAÇAO 14052026.xlsx' devolvida para a fila (CNPJ: 18067083000100).
2026-10-05 15:40:18 | INFO | bdc.governanca.carga_manual | [REPESCAGEM] Ficha consumidor 'LINHAS 5 E 17 06072026.xlsx' devolvida para a fila (CNPJ: 29938085000135).
2026-10-05 15:40:18 | INFO | bdc.governanca.carga_manual | [REPESCAGEM] Ficha comercializadora 'CAPITALE 28052026.xlsx' devolvida para a fila (CNPJ: 11599292000147).
2026-10-05 15:40:18 | INFO | bdc.governanca.carga_manual | [REPESCAGEM] Ficha comercializadora 'URUCUIA 23062026.xlsx' devolvida para a fila (CNPJ: 55935046000194).
2026-10-05 15:40:18 | INFO | bdc.governanca.carga_manual | [REPESCAGEM] Ficha consumidor 'PRATI DONADUZI 14072026.xlsx' devolvida para a fila (CNPJ: 73856593000166).
2026-10-05 15:40:18 | INFO | bdc.governanca.carga_manual | [REPESCAGEM] Ficha consumidor 'INDUPA 19052026.xlsx' devolvida para a fila (CNPJ: 61460325000141).
2026-10-05 15:40:18 | INFO | bdc.governanca.carga_manual | [REPESCAGEM] Ficha consumidor 'PETRORECONCAVO 08052026.xlsx' devolvida para a fila (CNPJ: 03342704000130).
2026-10-05 15:40:18 | INFO | bdc.governanca.carga_manual | [REPESCAGEM] Ficha consumidor 'RANDON 03082026.xlsx' devolvida para a fila (CNPJ: 89086144001198).
2026-10-05 15:40:18 | INFO | bdc.governanca.carga_manual | [REPESCAGEM] Ficha comercializadora 'Ludfor geradora 16072026.xlsx' devolvida para a fila (CNPJ: 35224835000100).
2026-10-05 15:40:18 | INFO | bdc.governanca.carga_manual | [REPESCAGEM] Ficha comercializadora 'J&F 20082026.xlsx' devolvida para a fila (CNPJ: 00350763002297).
2026-10-05 15:40:18 | INFO | bdc.governanca.carga_manual | [REPESCAGEM] Ficha comercializadora 'TRUE 14042026.xlsx' devolvida para a fila (CNPJ: 18185035000108).
2026-10-05 15:40:18 | INFO | bdc.governanca.carga_manual | [REPESCAGEM] Ficha consumidor 'FERBASA 28052026.xlsx' devolvida para a fila (CNPJ: 15141799000103).
2026-10-05 15:40:18 | INFO | bdc.governanca.carga_manual | [REPESCAGEM] Ficha consumidor 'MOTIVA SA 13082026.xlsx' devolvida para a fila (CNPJ: 02846056000197).
2026-10-05 15:40:18 | INFO | bdc.governanca.carga_manual | [REPESCAGEM] Ficha consumidor 'DIP FRANGOS 28042026.xlsx' devolvida para a fila (CNPJ: 21819182000105).
2026-10-05 15:40:18 | INFO | bdc.governanca.carga_manual | [REPESCAGEM] Ficha consumidor 'BRASKEM 21052026.xlsx' devolvida para a fila (CNPJ: 42150391000170).
2026-10-05 15:40:18 | INFO | bdc.governanca.carga_manual | [REPESCAGEM] Ficha consumidor 'SCHULZ 18082026.xlsx' devolvida para a fila (CNPJ: 84693183000168).
2026-10-05 15:40:18 | INFO | bdc.governanca.carga_manual | [REPESCAGEM] Ficha consumidor 'GTFOODS 15072026.xlsx' devolvida para a fila (CNPJ: 85070068000108).
2026-10-05 15:40:18 | INFO | bdc.governanca.carga_manual | [REPESCAGEM] Ficha consumidor 'ITAMBE CIMENTOS 24072026.xlsx' devolvida para a fila (CNPJ: 76630573000160).
2026-10-05 15:40:18 | INFO | bdc.governanca.carga_manual | [REPESCAGEM] Ficha comercializadora 'CANADIAN 08062026.xlsx' devolvida para a fila (CNPJ: 26215280000149).
2026-10-05 15:40:18 | INFO | bdc.governanca.carga_manual | [REPESCAGEM] Ficha comercializadora 'SHELL 07052026.xlsx' devolvida para a fila (CNPJ: 27796415000170).
2026-10-05 15:40:18 | INFO | bdc.governanca.carga_manual | [REPESCAGEM] Ficha consumidor 'CBA 24062026.xlsx' devolvida para a fila (CNPJ: 61409892000173).
2026-10-05 15:40:18 | INFO | bdc.governanca.carga_manual | [REPESCAGEM] Ficha consumidor 'COCAMAR 27-04-2026.xlsx' devolvida para a fila (CNPJ: 79114450000165).
2026-10-05 15:40:18 | INFO | bdc.governanca.carga_manual | [REPESCAGEM] Ficha comercializadora 'ENGEFORM 25062026.xlsx' devolvida para a fila (CNPJ: 42311687000126).
2026-10-05 15:40:18 | INFO | bdc.governanca.carga_manual | [REPESCAGEM] Ficha consumidor 'VOTORANTIM SA 11052026.xlsx' devolvida para a fila (CNPJ: 01637895000132).
2026-10-05 15:40:18 | INFO | bdc.governanca.carga_manual | [REPESCAGEM] Ficha consumidor 'ASSAI ATACADISTA 02092026.xlsx' devolvida para a fila (CNPJ: 06057223000171).
2026-10-05 15:40:18 | INFO | bdc.governanca.carga_manual | [REPESCAGEM] Ficha consumidor 'BRAVA 15052026.xlsx' devolvida para a fila (CNPJ: 12091809000155).
2026-10-05 15:40:18 | INFO | bdc.governanca.carga_manual | [REPESCAGEM] Ficha consumidor 'ALLIANCE RATING 04022025.xlsx' devolvida para a fila (CNPJ: 05297665000122).
2026-10-05 15:40:18 | INFO | bdc.governanca.carga_manual | [REPESCAGEM] Ficha consumidor 'EXTRUSAICK 17062026.xlsx' devolvida para a fila (CNPJ: 40772936000155).
2026-10-05 15:40:18 | INFO | bdc.governanca.carga_manual | [REPESCAGEM] Ficha consumidor 'WEG - MATRIZ 15052026.xlsx' devolvida para a fila (CNPJ: 07175725000160).
2026-10-05 15:40:18 | INFO | bdc.governanca.carga_manual | [REPESCAGEM] Ficha consumidor 'FICHA_CONSUMIDORES_GV_DO_BRASIL_FINAL.xlsx' devolvida para a fila (CNPJ: 12884632000144).
2026-10-05 15:40:18 | INFO | bdc.governanca.carga_manual | [REPESCAGEM] Ficha consumidor 'TRANSPPASS 03082026.xlsx' devolvida para a fila (CNPJ: 06268099000193).
2026-10-05 15:40:18 | INFO | bdc.governanca.carga_manual | [REPESCAGEM] Ficha consumidor 'UNIMED 15072026.xlsx' devolvida para a fila (CNPJ: 77781706000243).
2026-10-05 15:40:18 | INFO | bdc.governanca.carga_manual | [REPESCAGEM] Ficha consumidor 'RIMA INDUSTRIAL RATING 04112025.xlsx' devolvida para a fila (CNPJ: 18279158000108).
2026-10-05 15:40:18 | INFO | bdc.governanca.carga_manual | [REPESCAGEM] Ficha consumidor 'SAMARCO 21082026.xlsx' devolvida para a fila (CNPJ: 16628281000161).
2026-10-05 15:40:18 | INFO | bdc.governanca.carga_manual | [REPESCAGEM] Ficha comercializadora 'IPIRA Energia S.A. - 00484431.xlsx' devolvida para a fila (CNPJ: 26986376000100).
2026-10-05 15:40:18 | INFO | bdc.governanca.carga_manual | [REPESCAGEM] Ficha consumidor 'PEROXIDOS 28-04-2026.xlsx' devolvida para a fila (CNPJ: 51784262000125).
2026-10-05 15:40:18 | INFO | bdc.governanca.carga_manual | [REPESCAGEM] Ficha consumidor 'CERTAJA 12082026.xlsx' devolvida para a fila (CNPJ: 97839922000129).
2026-10-05 15:40:18 | INFO | bdc.governanca.carga_manual | [REPESCAGEM] Ficha consumidor 'Caramuru 2022-07-18.xlsx' devolvida para a fila (CNPJ: 00080671000100).
2026-10-05 15:40:18 | INFO | bdc.governanca.carga_manual | [REPESCAGEM] Ficha consumidor 'CAMPO BELO G1 CARLOS CALDEIRA 30072026.xlsx' devolvida para a fila (CNPJ: 01832301000144).
2026-10-05 15:40:18 | INFO | bdc.governanca.carga_manual | [REPESCAGEM] Ficha consumidor 'CSN 19062026.xlsx' devolvida para a fila (CNPJ: 33042730000104).
2026-10-05 15:40:18 | INFO | bdc.governanca.carga_manual | [REPESCAGEM] Ficha consumidor 'PARANA BOI 24042026.xlsx' devolvida para a fila (CNPJ: 28969492000147).
2026-10-05 15:40:18 | INFO | bdc.governanca.carga_manual | [REPESCAGEM] Ficha consumidor 'SCALA DATA CENTERS 0508226.xlsx' devolvida para a fila (CNPJ: 34562112000158).
2026-10-05 15:40:18 | INFO | bdc.governanca.carga_manual | [REPESCAGEM] Ficha consumidor 'USIMINAS 25062026.xlsx' devolvida para a fila (CNPJ: 60894730000105).
2026-10-05 15:40:18 | INFO | bdc.governanca.carga_manual | [REPESCAGEM] Ficha consumidor 'NADIR FIGUEIREDO 02042026.xlsx' devolvida para a fila (CNPJ: 61067161000197).
2026-10-05 15:40:18 | INFO | bdc.governanca.carga_manual | [REPESCAGEM] Ficha consumidor 'VIDROPORTO RATING 03022026.xlsx' devolvida para a fila (CNPJ: 48845556000105).
2026-10-05 15:40:18 | INFO | bdc.governanca.carga_manual | [REPESCAGEM] Ficha consumidor 'CPTM 25062026.xlsx' devolvida para a fila (CNPJ: 71832679000123).
2026-10-05 15:40:18 | INFO | bdc.governanca.carga_manual | [REPESCAGEM] Ficha consumidor 'ECOURBIS - 17062026.xlsx' devolvida para a fila (CNPJ: 07037123000146).
2026-10-05 15:40:18 | INFO | bdc.governanca.carga_manual | [REPESCAGEM] Ficha consumidor 'ALUNORTE 17062026.xlsx' devolvida para a fila (CNPJ: 05848387000154).
2026-10-05 15:40:19 | INFO | bdc.governanca.carga_manual | [REPESCAGEM] Ficha consumidor 'UNIDAS SUL 180052026.xlsx' devolvida para a fila (CNPJ: 07718633000189).
2026-10-05 15:40:19 | INFO | bdc.governanca.carga_manual | [REPESCAGEM] Ficha consumidor 'BASF 14072026.xlsx' devolvida para a fila (CNPJ: 48539407000118).
2026-10-05 15:40:19 | INFO | bdc.governanca.carga_manual | [REPESCAGEM] Ficha consumidor 'Dois Marcos Sementes 03042024.xlsx' devolvida para a fila (CNPJ: 00291633000104).
2026-10-05 15:40:19 | INFO | bdc.governanca.carga_manual | [REPESCAGEM] Ficha consumidor 'MARINGA FERRO LIGA 18062026.xlsx' devolvida para a fila (CNPJ: 61082988000170).
2026-10-05 15:40:19 | INFO | bdc.governanca.carga_manual | [REPESCAGEM] Ficha comercializadora 'LIBRA 05052026.xlsx' devolvida para a fila (CNPJ: 20557422000170).
2026-10-05 15:40:19 | INFO | bdc.governanca.carga_manual | [REPESCAGEM] Ficha comercializadora 'ELETROBRAS_24092025.xlsx' devolvida para a fila (CNPJ: 00001180000126).
2026-10-05 15:40:19 | INFO | bdc.governanca.carga_manual | [REPESCAGEM] Ficha consumidor 'RHODIA BRASIL 20072026.xlsx' devolvida para a fila (CNPJ: 57507626000106).
2026-10-05 15:40:19 | INFO | bdc.governanca.carga_manual | [REPESCAGEM] Ficha consumidor 'FICHA CONSUMIDORES V1 (2)_VALE_PREENCHIDA 3.xlsx' devolvida para a fila (CNPJ: 33592510000154).
2026-10-05 15:40:19 | INFO | bdc.governanca.carga_manual | [REPESCAGEM] Ficha comercializadora 'SIMPLE 02072026.xlsx' devolvida para a fila (CNPJ: 15667402000111).
2026-10-05 15:40:19 | INFO | bdc.governanca.carga_manual | [REPESCAGEM] Ficha consumidor 'NOVELIS 05062026.xlsx' devolvida para a fila (CNPJ: 60561800000103).
2026-10-05 15:40:19 | INFO | bdc.governanca.carga_manual | [REPESCAGEM] Ficha comercializadora 'NORSK HYDRO ENERGIA 09072026.xlsx' devolvida para a fila (CNPJ: 22109465000118).
2026-10-05 15:40:19 | INFO | bdc.governanca.carga_manual | [REPESCAGEM] Ficha consumidor 'Rio de Janeiro Refrescos 16102023.xlsx' devolvida para a fila (CNPJ: 00074569000100).
2026-10-05 15:40:19 | INFO | bdc.governanca.carga_manual | [REPESCAGEM] Ficha consumidor 'INTERCEMENT RATING 19032026.xlsx' devolvida para a fila (CNPJ: 62258884000136).
2026-10-05 15:40:19 | INFO | bdc.governanca.carga_manual | [REPESCAGEM] Ficha consumidor 'ANGLO AMERICAN 03072026.xlsx' devolvida para a fila (CNPJ: 42184226000130).
2026-10-05 15:40:19 | INFO | bdc.governanca.carga_manual | [REPESCAGEM] Ficha consumidor 'BO PAPER 02062026.xlsx' devolvida para a fila (CNPJ: 07632665000167).
2026-10-05 15:40:19 | INFO | bdc.governanca.carga_manual | [REPESCAGEM] Ficha consumidor 'COPACOL 19082026.xlsx' devolvida para a fila (CNPJ: 76093731000190).
2026-10-05 15:40:19 | INFO | bdc.governanca.carga_manual | [REPESCAGEM] Ficha consumidor 'SERVENG CIVILSAN 18082026.xlsx' devolvida para a fila (CNPJ: 48540421000131).
2026-10-05 15:40:19 | INFO | bdc.governanca.carga_manual | [REPESCAGEM] Ficha comercializadora 'SOLAR ENERGIA RATING COM 13012026.xlsx' devolvida para a fila (CNPJ: 41501877000143).
2026-10-05 15:40:19 | INFO | bdc.governanca.carga_manual | [REPESCAGEM] Ficha consumidor 'VILLARES METALS 02072026.xlsx' devolvida para a fila (CNPJ: 42566752000164).
2026-10-05 15:40:19 | INFO | bdc.governanca.carga_manual | [REPESCAGEM] Ficha consumidor 'ELEKEIROZ 19082026.xlsx' devolvida para a fila (CNPJ: 13788120000147).
2026-10-05 15:40:19 | INFO | bdc.governanca.carga_manual | [REPESCAGEM] Ficha consumidor 'CERTHIL 17082026.xlsx' devolvida para a fila (CNPJ: 98042963000152).
2026-10-05 15:40:19 | INFO | bdc.governanca.carga_manual | [REPESCAGEM] Ficha consumidor 'BALL_02032023.xlsx' devolvida para a fila (CNPJ: 00771979000100).
2026-10-05 15:40:19 | INFO | bdc.governanca.carga_manual | [REPESCAGEM] Ficha consumidor 'NORFIL SA 27042026.xlsx' devolvida para a fila (CNPJ: 02341494000101).
2026-10-05 15:40:19 | INFO | bdc.governanca.carga_manual | [REPESCAGEM] Ficha comercializadora 'AQUARIUS 11062026.xlsx' devolvida para a fila (CNPJ: 05350372000161).
2026-10-05 15:40:19 | INFO | bdc.governanca.carga_manual | [REPESCAGEM] Ficha comercializadora 'ARCELORMITTAL_21.05.2024.xlsx' devolvida para a fila (CNPJ: 17469701000177).
2026-10-05 15:40:19 | INFO | bdc.governanca.carga_manual | [REPESCAGEM] Ficha comercializadora 'ATVOS SANTA LUZIA 31072026.xlsx' devolvida para a fila (CNPJ: 08906558000142).
2026-10-05 15:40:19 | INFO | bdc.governanca.carga_manual | [REPESCAGEM] Ficha consumidor 'SOUTH32 18082026.xlsx' devolvida para a fila (CNPJ: 42105890000146).
2026-10-05 15:40:19 | INFO | bdc.governanca.carga_manual | [REPESCAGEM] Ficha consumidor 'BIOHOSP 15072026.xlsx' devolvida para a fila (CNPJ: 18269125000187).
2026-10-05 15:40:19 | INFO | bdc.governanca.carga_manual | [REPESCAGEM] Ficha consumidor 'UNIAO OESTE 20052026.xlsx' devolvida para a fila (CNPJ: 81270548000153).
2026-10-05 15:40:19 | INFO | bdc.governanca.carga_manual | [REPESCAGEM] Ficha comercializadora 'Gerdau 01042026.xlsx' devolvida para a fila (CNPJ: 33611500000119).
2026-10-05 15:40:19 | INFO | bdc.governanca.carga_manual | [REPESCAGEM] Ficha consumidor 'MAHLE 13082026.xlsx' devolvida para a fila (CNPJ: 60476884000187).
2026-10-05 15:40:19 | INFO | bdc.governanca.carga_manual | [REPESCAGEM] Ficha comercializadora 'NEC GERACAO 18082026.xlsx' devolvida para a fila (CNPJ: 54252354000152).
2026-10-05 15:40:19 | INFO | bdc.governanca.carga_manual | [REPESCAGEM] Ficha consumidor 'HOSPITAL EVANLEGICO DE LONDRINA 20072026.xlsx' devolvida para a fila (CNPJ: 78613841000161).
2026-10-05 15:40:19 | INFO | bdc.governanca.carga_manual | [REPESCAGEM] Ficha consumidor 'DAUS ALIMENTOS RATING 16032026.xlsx' devolvida para a fila (CNPJ: 04865228000103).
2026-10-05 15:40:19 | INFO | bdc.governanca.carga_manual | [REPESCAGEM] Ficha consumidor 'FICHA_CONSUMIDORES_MILI_SA_PREENCHIDA.xlsx' devolvida para a fila (CNPJ: 78908266000124).
2026-10-05 15:40:19 | INFO | bdc.governanca.carga_manual | [REPESCAGEM] Ficha comercializadora 'WD AGROINDUSTRIAL 13072026.xlsx' devolvida para a fila (CNPJ: 01105558000102).
2026-10-05 15:40:19 | INFO | bdc.governanca.carga_manual | [REPESCAGEM] Ficha consumidor 'NEXA RECURSOS MINERAIS 18062026.xlsx' devolvida para a fila (CNPJ: 42416651000107).
2026-10-05 15:40:19 | INFO | bdc.governanca.carga_manual | [REPESCAGEM] Ficha comercializadora 'CZARNIKOW 09062026.xlsx' devolvida para a fila (CNPJ: 07794616000120).
2026-10-05 15:40:19 | INFO | bdc.governanca.carga_manual | [REPESCAGEM] Ficha consumidor 'AEGEA SANEAMENTO 23072026.xlsx' devolvida para a fila (CNPJ: 08827501000158).
2026-10-05 15:40:19 | INFO | bdc.governanca.carga_manual | [REPESCAGEM] Ficha comercializadora 'AGORA ENERGIA 09062026.xlsx' devolvida para a fila (CNPJ: 15623286000139).
2026-10-05 15:40:19 | INFO | bdc.governanca.carga_manual | [REPESCAGEM] Ficha consumidor 'LINHA 4 - MOTIVA 06072026.xlsx' devolvida para a fila (CNPJ: 07682638000107).
2026-10-05 15:40:19 | INFO | bdc.governanca.carga_manual | [REPESCAGEM] Ficha consumidor 'UNIPAR 19052026.xlsx' devolvida para a fila (CNPJ: 33958695000178).
2026-10-05 15:40:19 | INFO | bdc.governanca.carga_manual | [REPESCAGEM] Ficha consumidor 'EVONIK 29052026.xlsx' devolvida para a fila (CNPJ: 62695036000194).
2026-10-05 15:40:19 | INFO | bdc.governanca.carga_manual | [REPESCAGEM] Ficha consumidor 'CLUBE CURITIBANO 06052026.xlsx' devolvida para a fila (CNPJ: 76493626000149).
2026-10-05 15:40:19 | INFO | bdc.governanca.carga_manual | [REPESCAGEM] Ficha comercializadora 'COPPREL 16062026.xlsx' devolvida para a fila (CNPJ: 42102025000146).
2026-10-05 15:40:19 | INFO | bdc.governanca.carga_manual | [REPESCAGEM] Ficha consumidor 'SERLONAS RATING 10032026.xlsx' devolvida para a fila (CNPJ: 04630268000168).
2026-10-05 15:40:19 | INFO | bdc.governanca.carga_manual | [REPESCAGEM] Ficha consumidor 'ELFA MEDICAMENTOS 22052026.xlsx' devolvida para a fila (CNPJ: 09053134000145).
2026-10-05 15:40:19 | INFO | bdc.governanca.carga_manual | [REPESCAGEM] Ficha consumidor 'MESSER GASES 22072026.xlsx' devolvida para a fila (CNPJ: 60619202000148).
2026-10-05 15:40:19 | INFO | bdc.governanca.carga_manual | [REPESCAGEM] Ficha consumidor 'ADECOAGRO 10042026.xlsx' devolvida para a fila (CNPJ: 07903169000109).
2026-10-05 15:40:19 | INFO | bdc.governanca.carga_manual | [REPESCAGEM] Ficha consumidor 'TEREOS AMIDOS E ADOCANTES RATING 27112025.xlsx' devolvida para a fila (CNPJ: 65882680000160).
2026-10-05 15:40:19 | INFO | bdc.governanca.carga_manual | [REPESCAGEM] Ficha consumidor 'DUPATRI HOSPITALAR.xlsx' devolvida para a fila (CNPJ: 04027894000164).
2026-10-05 15:40:19 | INFO | bdc.governanca.carga_manual | [REPESCAGEM] Ficha consumidor 'MINERACAO ONCA PUMA 17082026.xlsx' devolvida para a fila (CNPJ: 48256824000153).
2026-10-05 15:40:19 | INFO | bdc.governanca.carga_manual | [REPESCAGEM] Ficha consumidor 'METALBRAZING 11062026.xlsx' devolvida para a fila (CNPJ: 05251919000171).
2026-10-05 15:40:19 | INFO | bdc.governanca.carga_manual | [REPESCAGEM] Ficha comercializadora 'RENOVA 12062026.xlsx' devolvida para a fila (CNPJ: 17204923000168).
2026-10-05 15:40:19 | INFO | bdc.governanca.carga_manual | [REPESCAGEM] Ficha consumidor 'ALCOA 08042026.xlsx' devolvida para a fila (CNPJ: 23637697000101).
2026-10-05 15:40:19 | INFO | bdc.governanca.carga_manual | [REPESCAGEM] Ficha consumidor 'LDC SUCOS 06052026.xlsx' devolvida para a fila (CNPJ: 00831373000104).
2026-10-05 15:40:19 | INFO | bdc.governanca.carga_manual | [REPESCAGEM] Ficha comercializadora 'ANGELINA COLOMBO 29072026.xlsx' devolvida para a fila (CNPJ: 35881121000174).
2026-10-05 15:40:19 | INFO | bdc.governanca.carga_manual | [REPESCAGEM] Ficha comercializadora 'ASOLO 29052026.xlsx' devolvida para a fila (CNPJ: 41675130000101).
2026-10-05 15:40:19 | INFO | bdc.governanca.carga_manual | [REPESCAGEM] Ficha comercializadora 'SUZANO 13122023.xlsx' devolvida para a fila (CNPJ: 16404287000155).
2026-10-05 15:40:19 | INFO | bdc.governanca.carga_manual | [REPESCAGEM] Ficha comercializadora 'LIVEN 22042026.xlsx' devolvida para a fila (CNPJ: 43344428000164).
2026-10-05 15:40:19 | INFO | bdc.governanca.carga_manual | [REPESCAGEM] Ficha comercializadora 'SKOPOS 02062026.xlsx' devolvida para a fila (CNPJ: 29340729000199).
2026-10-05 15:40:19 | INFO | bdc.governanca.carga_manual | [REPESCAGEM] Ficha consumidor 'EMBRAER 05052026.xlsx' devolvida para a fila (CNPJ: 07689002000189).
2026-10-05 15:40:19 | INFO | bdc.governanca.carga_manual | [REPESCAGEM] Ficha consumidor 'SAO MARTINHO 01062026.xlsx' devolvida para a fila (CNPJ: 51466860000156).
2026-10-05 15:40:19 | INFO | bdc.governanca.carga_manual | [REPESCAGEM] Ficha consumidor 'INDEMIL RATING 23032026 - Copia.xlsx' devolvida para a fila (CNPJ: 61887899000109).
2026-10-05 15:40:19 | INFO | bdc.governanca.carga_manual | [REPESCAGEM] Ficha consumidor 'DEXCO 22062026.xlsx' devolvida para a fila (CNPJ: 97837181000147).
2026-10-05 15:40:19 | INFO | bdc.governanca.carga_manual | [REPESCAGEM] Ficha consumidor 'PARAGOMINAS 03082026.xlsx' devolvida para a fila (CNPJ: 12094570000177).
2026-10-05 15:40:19 | INFO | bdc.governanca.carga_manual | [REPESCAGEM] Ficha comercializadora 'ANGELIM 09062026.xlsx' devolvida para a fila (CNPJ: 19502690000105).
2026-10-05 15:40:19 | INFO | bdc.governanca.carga_manual | [REPESCAGEM] Ficha consumidor 'HAVAN SA 06042026.xlsx' devolvida para a fila (CNPJ: 79379491000183).
2026-10-05 15:40:19 | INFO | bdc.governanca.carga_manual | [REPESCAGEM] Ficha comercializadora 'JARDIM BOTÂNICO GERAÇÃO 06052026.xlsx' devolvida para a fila (CNPJ: 24550050000100).
2026-10-05 15:40:19 | INFO | bdc.governanca.carga_manual | [REPESCAGEM] Ficha comercializadora 'BEM 10062026.xlsx' devolvida para a fila (CNPJ: 23412242000198).
2026-10-05 15:40:19 | INFO | bdc.governanca.carga_manual | [REPESCAGEM] Ficha consumidor 'BIORIGIN 15072026.xlsx' devolvida para a fila (CNPJ: 53162783000176).
2026-10-05 15:40:19 | INFO | bdc.governanca.carga_manual | [REPESCAGEM] Sucesso! 188 fichas enfileiradas para reprocessamento imediato.
2026-10-05 15:40:19 | INFO | bdc.governanca.carga_manual | Carga manual concluída. 268 eventos registrados.
